Product: MDK-ARM Professional 5.10
Component: ARM Compiler 5.04 update 1 (build 49)
Tool: armlink [5040049]

==============================================================================

Section Cross References

    hardware.o(.text) refers to rt_memclr_w.o(.text) for __aeabi_memclr4
    hardware.o(.text) refers to stm32f10x_rcc.o(.text) for RCC_DeInit
    hardware.o(.text) refers to stm32f10x_flash.o(.text) for FLASH_SetLatency
    hardware.o(.text) refers to os_cpu_a.o(.text) for OS_ENTER_CRITICAL
    hardware.o(.text) refers to stm32f10x_gpio.o(.text) for GPIO_Init
    hardware.o(.text) refers to stm32f10x_usart.o(.text) for USART_DeInit
    hardware.o(.text) refers to misc.o(.text) for NVIC_PriorityGroupConfig
    hardware.o(.text) refers to stm32f10x_dma.o(.text) for DMA_DeInit
    hardware.o(.text) refers to hardware.o(.ARM.__AT_0x20008000) for SRAM_Kernel_Buffer
    init.o(.text) refers to os_cpu_a.o(.text) for OS_ENTER_CRITICAL
    init.o(.text) refers to hardware.o(.text) for InitClk
    init.o(.text) refers to sched.o(.text) for OSTaskInit
    init.o(.text) refers to irq.o(.text) for IRQInit
    irq.o(.emb_text) refers to hardware.o(.ARM.__AT_0x20008000) for SRAM_Kernel_Buffer
    irq.o(.text) refers to rt_memclr.o(.text) for __aeabi_memclr
    irq.o(.text) refers to os_cpu_a.o(.text) for OS_ENTER_CRITICAL
    irq.o(.text) refers to irq.o(.emb_text) for ModifyPC
    irq.o(.text) refers to sched.o(.text) for OSTaskSchedule
    irq.o(.text) refers to stm32f10x_usart.o(.text) for USART_GetITStatus
    irq.o(.text) refers to stm32f10x_dma.o(.text) for DMA_ClearITPendingBit
    irq.o(.text) refers to irq.o(.bss) for RecvBuffer
    irq.o(.text) refers to irq.o(.data) for MsgGotten
    irq.o(.text) refers to main.o(.data) for StartOSFlag
    os_cpu_a.o(.text) refers to sched.o(.data) for OSTCBCur
    startup_stm32f10x_hd.o(STACK) refers (Special) to heapauxi.o(.text) for __use_two_region_memory
    startup_stm32f10x_hd.o(HEAP) refers (Special) to heapauxi.o(.text) for __use_two_region_memory
    startup_stm32f10x_hd.o(RESET) refers (Special) to heapauxi.o(.text) for __use_two_region_memory
    startup_stm32f10x_hd.o(RESET) refers to startup_stm32f10x_hd.o(STACK) for __initial_sp
    startup_stm32f10x_hd.o(RESET) refers to startup_stm32f10x_hd.o(.text) for Reset_Handler
    startup_stm32f10x_hd.o(RESET) refers to os_cpu_a.o(.text) for PendSV_Handler
    startup_stm32f10x_hd.o(RESET) refers to irq.o(.text) for SysTick_Handler
    startup_stm32f10x_hd.o(.text) refers (Special) to heapauxi.o(.text) for __use_two_region_memory
    startup_stm32f10x_hd.o(.text) refers to __main.o(!!!main) for __main
    startup_stm32f10x_hd.o(.text) refers to startup_stm32f10x_hd.o(HEAP) for Heap_Mem
    startup_stm32f10x_hd.o(.text) refers to startup_stm32f10x_hd.o(STACK) for Stack_Mem
    cmd.o(.text) refers to strcpy.o(.text) for strcpy
    cmd.o(.text) refers to strlen.o(.text) for strlen
    cmd.o(.text) refers to strncpy.o(.text) for strncpy
    cmd.o(.text) refers to strstr.o(.text) for strstr
    cmd.o(.text) refers to strtok_r.o(.text) for strtok_r
    cmd.o(.text) refers to strcmpv7m.o(.text) for strcmp
    cmd.o(.constdata) refers to cmd.o(.conststring) for .conststring
    crc32.o(.text) refers to crc32.o(.data) for poly8_lookup
    main.o(.text) refers to _printf_percent.o(.ARM.Collect$$_printf_percent$$00000000) for _printf_percent
    main.o(.text) refers to _printf_d.o(.ARM.Collect$$_printf_percent$$00000009) for _printf_d
    main.o(.text) refers to _printf_dec.o(.text) for _printf_int_dec
    main.o(.text) refers to _printf_pad.o(.text) for _printf_pre_padding
    main.o(.text) refers to _printf_x.o(.ARM.Collect$$_printf_percent$$0000000C) for _printf_x
    main.o(.text) refers to _printf_hex_int.o(.text) for _printf_longlong_hex
    main.o(.text) refers to _printf_s.o(.ARM.Collect$$_printf_percent$$00000014) for _printf_s
    main.o(.text) refers to _printf_str.o(.text) for _printf_str
    main.o(.text) refers to __2printf.o(.text) for __2printf
    main.o(.text) refers to stm32f10x_usart.o(.text) for USART_Cmd
    main.o(.text) refers to stm32f10x_dma.o(.text) for DMA_Cmd
    main.o(.text) refers to crc32.o(.text) for crc32_byte
    main.o(.text) refers to os_cpu_a.o(.text) for OS_ENTER_CRITICAL
    main.o(.text) refers to stm32f10x_flash.o(.text) for FLASH_Unlock
    main.o(.text) refers to cmd.o(.text) for GetCmd
    main.o(.text) refers to strcmpv7m.o(.text) for strcmp
    main.o(.text) refers to __2sprintf.o(.text) for __2sprintf
    main.o(.text) refers to strtol.o(.text) for strtol
    main.o(.text) refers to atoi.o(.text) for atoi
    main.o(.text) refers to flash_read.o(.text) for flash_read_l
    main.o(.text) refers to time.o(.text) for delayMs
    main.o(.text) refers to init.o(.text) for OSInit
    main.o(.text) refers to sched.o(.text) for OSTaskCreate
    main.o(.text) refers to main.o(.data) for EndBurningFlag
[...]
    Removing wanp.o(.text), (592 bytes).
    Removing wanp.o(.constdata), (24 bytes).
    Removing misc.o(.rev16_text), (4 bytes).
    Removing misc.o(.revsh_text), (4 bytes).
    Removing printf_to_serial.o(.rev16_text), (4 bytes).
    Removing printf_to_serial.o(.revsh_text), (4 bytes).
    Removing stm32f10x_dma.o(.rev16_text), (4 bytes).
    Removing stm32f10x_dma.o(.revsh_text), (4 bytes).
    Removing stm32f10x_flash.o(.rev16_text), (4 bytes).
    Removing stm32f10x_flash.o(.revsh_text), (4 bytes).
    Removing stm32f10x_gpio.o(.rev16_text), (4 bytes).
    Removing stm32f10x_gpio.o(.revsh_text), (4 bytes).
    Removing stm32f10x_rcc.o(.rev16_text), (4 bytes).
    Removing stm32f10x_rcc.o(.revsh_text), (4 bytes).
    Removing stm32f10x_usart.o(.rev16_text), (4 bytes).
    Removing stm32f10x_usart.o(.revsh_text), (4 bytes).

26 unused section(s) (total 755 bytes) removed from the image.

==============================================================================

Image Symbol Table

    Local Symbols

    Symbol Name                              Value     Ov Type        Size  Object(Section)

    ../clib/angel/boardlib.s                 0x00000000   Number         0  boardshut.o ABSOLUTE
    ../clib/angel/boardlib.s                 0x00000000   Number         0  boardinit1.o ABSOLUTE
    ../clib/angel/boardlib.s                 0x00000000   Number         0  boardinit2.o ABSOLUTE
    ../clib/angel/boardlib.s                 0x00000000   Number         0  boardinit3.o ABSOLUTE
    ../clib/angel/dclz77c.s                  0x00000000   Number         0  __dclz77c.o ABSOLUTE
    ../clib/angel/handlers.s                 0x00000000   Number         0  __scatter_zi.o ABSOLUTE
    ../clib/angel/kernel.s                   0x00000000   Number         0  rtexit2.o ABSOLUTE
    ../clib/angel/kernel.s                   0x00000000   Number         0  rtentry4.o ABSOLUTE
    ../clib/angel/kernel.s                   0x00000000   Number         0  rtentry.o ABSOLUTE
    ../clib/angel/kernel.s                   0x00000000   Number         0  rtexit.o ABSOLUTE
    ../clib/angel/kernel.s                   0x00000000   Number         0  rtentry2.o ABSOLUTE
    ../clib/angel/rt.s                       0x00000000   Number         0  rt_locale_intlibspace.o ABSOLUTE
    ../clib/angel/rt.s                       0x00000000   Number         0  rt_raise.o ABSOLUTE
    ../clib/angel/rt.s                       0x00000000   Number         0  rt_ctype_table.o ABSOLUTE
    ../clib/angel/rt.s                       0x00000000   Number         0  rt_errno_addr.o ABSOLUTE
    ../clib/angel/rt.s                       0x00000000   Number         0  rt_errno_addr_intlibspace.o ABSOLUTE
    ../clib/angel/rt.s                       0x00000000   Number         0  rt_locale.o ABSOLUTE
    ../clib/angel/scatter.s                  0x00000000   Number         0  __scatter.o ABSOLUTE
    ../clib/angel/startup.s                  0x00000000   Number         0  __main.o ABSOLUTE
    ../clib/angel/sys.s                      0x00000000   Number         0  use_no_semi.o ABSOLUTE
    ../clib/angel/sys.s                      0x00000000   Number         0  use_no_semi_2.o ABSOLUTE
    ../clib/angel/sys.s                      0x00000000   Number         0  libspace.o ABSOLUTE
    ../clib/angel/sys.s                      0x00000000   Number         0  indicate_semi.o ABSOLUTE
    ../clib/angel/sys.s                      0x00000000   Number         0  sys_stackheap_outer.o ABSOLUTE
    ../clib/angel/sysapp.c                   0x00000000   Number         0  sys_wrch.o ABSOLUTE
    ../clib/angel/sysapp.c                   0x00000000   Number         0  sys_command.o ABSOLUTE
    ../clib/armsys.c                         0x00000000   Number         0  no_argv.o ABSOLUTE
    ../clib/armsys.c                         0x00000000   Number         0  _get_argv_nomalloc.o ABSOLUTE
    ../clib/armsys.c                         0x00000000   Number         0  argv_veneer.o ABSOLUTE
    ../clib/armsys.c                         0x00000000   Number         0  argv_veneer.o ABSOLUTE
    ../clib/heapalloc.c                      0x00000000   Number         0  hrguard.o ABSOLUTE
    ../clib/heapaux.c                        0x00000000   Number         0  heapauxi.o ABSOLUTE
    ../clib/libinit.s                        0x00000000   Number         0  libinit2.o ABSOLUTE
    ../clib/libinit.s                        0x00000000   Number         0  libinit.o ABSOLUTE
    ../clib/libinit.s                        0x00000000   Number         0  libshutdown2.o ABSOLUTE
    ../clib/libinit.s                        0x00000000   Number         0  libshutdown.o ABSOLUTE
    ../clib/locale.s                         0x00000000   Number         0  lc_ctype_c.o ABSOLUTE
    ../clib/memcpset.s                       0x00000000   Number         0  rt_memclr_w.o ABSOLUTE
    ../clib/memcpset.s                       0x00000000   Number         0  rt_memclr.o ABSOLUTE
    ../clib/memcpset.s                       0x00000000   Number         0  strcmpv7m.o ABSOLUTE
    ../clib/memcpset.s                       0x00000000   Number         0  strncpy.o ABSOLUTE
    ../clib/misc.s                           0x00000000   Number         0  printf_stubs.o ABSOLUTE
    ../clib/printf.c                         0x00000000   Number         0  _printf_dec.o ABSOLUTE
    ../clib/printf.c                         0x00000000   Number         0  __2printf.o ABSOLUTE
    ../clib/printf.c                         0x00000000   Number         0  __2sprintf.o ABSOLUTE
    ../clib/printf.c                         0x00000000   Number         0  noretval__2printf.o ABSOLUTE
    ../clib/printf.c                         0x00000000   Number         0  noretval__2sprintf.o ABSOLUTE
    ../clib/printf.c                         0x00000000   Number         0  __printf.o ABSOLUTE
    ../clib/printf.c                         0x00000000   Number         0  _printf_pad.o ABSOLUTE
    ../clib/printf.c                         0x00000000   Number         0  _printf_str.o ABSOLUTE
    ../clib/printf.c                         0x00000000   Number         0  _printf_hex_ll.o ABSOLUTE
    ../clib/printf.c                         0x00000000   Number         0  _printf_hex_int.o ABSOLUTE
    ../clib/printf.c                         0x00000000   Number         0  __printf_nopercent.o ABSOLUTE
    ../clib/printf.c                         0x00000000   Number         0  _printf_hex_int_ll.o ABSOLUTE
    ../clib/printf.c                         0x00000000   Number         0  _printf_hex_ptr.o ABSOLUTE
    ../clib/printf.c                         0x00000000   Number         0  _printf_hex_int_ptr.o ABSOLUTE
    ../clib/printf.c                         0x00000000   Number         0  _printf_hex_ll_ptr.o ABSOLUTE
    ../clib/printf.c                         0x00000000   Number         0  _printf_hex_int_ll_ptr.o ABSOLUTE
    ../clib/printf.c                         0x00000000   Number         0  __printf_flags.o ABSOLUTE
    ../clib/printf.c                         0x00000000   Number         0  __printf_ss.o ABSOLUTE
    ../clib/printf.c                         0x00000000   Number         0  __printf_flags_ss.o ABSOLUTE
    ../clib/printf.c                         0x00000000   Number         0  __printf_wp.o ABSOLUTE
    ../clib/printf.c                         0x00000000   Number         0  __printf_flags_wp.o ABSOLUTE
    ../clib/printf.c                         0x00000000   Number         0  __printf_ss_wp.o ABSOLUTE
    ../clib/printf.c                         0x00000000   Number         0  __printf_flags_ss_wp.o ABSOLUTE
    ../clib/printf.c                         0x00000000   Number         0  _printf_char_file.o ABSOLUTE
    ../clib/printf.c                         0x00000000   Number         0  _printf_char.o ABSOLUTE
    ../clib/printf.c                         0x00000000   Number         0  _sputc.o ABSOLUTE
    ../clib/printf.c                         0x00000000   Number         0  _printf_char_common.o ABSOLUTE
    ../clib/printf.c                         0x00000000   Number         0  _printf_intcommon.o ABSOLUTE
    ../clib/printf_percent.s                 0x00000000   Number         0  _printf_d.o ABSOLUTE
    ../clib/printf_percent.s                 0x00000000   Number         0  _printf_percent.o ABSOLUTE
    ../clib/printf_percent.s                 0x00000000   Number         0  _printf_percent_end.o ABSOLUTE
    ../clib/printf_percent.s                 0x00000000   Number         0  _printf_s.o ABSOLUTE
    ../clib/printf_percent.s                 0x00000000   Number         0  _printf_x.o ABSOLUTE
    ../clib/scanf.c                          0x00000000   Number         0  atoi.o ABSOLUTE
    ../clib/scanf.c                          0x00000000   Number         0  _chval.o ABSOLUTE
    ../clib/scanf.c                          0x00000000   Number         0  _strtoul.o ABSOLUTE
    ../clib/scanf.c                          0x00000000   Number         0  strtol.o ABSOLUTE
    ../clib/signal.c                         0x00000000   Number         0  defsig_cppl_inner.o ABSOLUTE
    ../clib/signal.c                         0x00000000   Number         0  defsig_other.o ABSOLUTE
    ../clib/signal.c                         0x00000000   Number         0  defsig_segv_inner.o ABSOLUTE
    ../clib/signal.c                         0x00000000   Number         0  defsig_general.o ABSOLUTE
    ../clib/signal.c                         0x00000000   Number         0  defsig_pvfn_inner.o ABSOLUTE
    ../clib/signal.c                         0x00000000   Number         0  defsig_stak_inner.o ABSOLUTE
    ../clib/signal.c                         0x00000000   Number         0  defsig_rtred_inner.o ABSOLUTE
    ../clib/signal.c                         0x00000000   Number         0  defsig_fpe_inner.o ABSOLUTE
    ../clib/signal.c                         0x00000000   Number         0  defsig_abrt_inner.o ABSOLUTE
    ../clib/signal.c                         0x00000000   Number         0  __raise.o ABSOLUTE
    ../clib/signal.c                         0x00000000   Number         0  defsig_rtmem_inner.o ABSOLUTE
    ../clib/signal.c                         0x00000000   Number         0  defsig_exit.o ABSOLUTE
    ../clib/signal.c                         0x00000000   Number         0  defsig_rtmem_formal.o ABSOLUTE
    ../clib/signal.c                         0x00000000   Number         0  defsig_rtmem_outer.o ABSOLUTE
    ../clib/signal.s                         0x00000000   Number         0  defsig.o ABSOLUTE
    ../clib/stdio.c                          0x00000000   Number         0  ferror.o ABSOLUTE
    ../clib/stdio.c                          0x00000000   Number         0  ferror_locked.o ABSOLUTE
    ../clib/stdlib.c                         0x00000000   Number         0  exit.o ABSOLUTE
    ../clib/string.c                         0x00000000   Number         0  strtok_int.o ABSOLUTE
    ../clib/string.c                         0x00000000   Number         0  strspn.o ABSOLUTE
    ../clib/string.c                         0x00000000   Number         0  strtok_r.o ABSOLUTE
    ../clib/string.c                         0x00000000   Number         0  strstr.o ABSOLUTE
    ../clib/string.c                         0x00000000   Number         0  strcpy.o ABSOLUTE
    ../clib/string.c                         0x00000000   Number         0  strlen.o ABSOLUTE
    ../clib/string.c                         0x00000000   Number         0  strcspn.o ABSOLUTE
    ../fplib/fpinit.s                        0x00000000   Number         0  fpinit.o ABSOLUTE
    ..\..\src\arch\Init.c                    0x00000000   Number         0  init.o ABSOLUTE
    ..\..\src\arch\flash_read.c              0x00000000   Number         0  flash_read.o ABSOLUTE
    ..\..\src\arch\hardware.c                0x00000000   Number         0  hardware.o ABSOLUTE
    ..\..\src\arch\irq.c                     0x00000000   Number         0  irq.o ABSOLUTE
    ..\..\src\arch\os_cpu_a.asm              0x00000000   Number         0  os_cpu_a.o ABSOLUTE
    ..\..\src\arch\startup_stm32f10x_hd.s    0x00000000   Number         0  startup_stm32f10x_hd.o ABSOLUTE
    ..\..\src\lib\misc.c                     0x00000000   Number         0  misc.o ABSOLUTE
    ..\..\src\lib\printf_to_serial.c         0x00000000   Number         0  printf_to_serial.o ABSOLUTE
    ..\..\src\lib\stm32f10x_dma.c            0x00000000   Number         0  stm32f10x_dma.o ABSOLUTE
    ..\..\src\lib\stm32f10x_flash.c          0x00000000   Number         0  stm32f10x_flash.o ABSOLUTE
    ..\..\src\lib\stm32f10x_gpio.c           0x00000000   Number         0  stm32f10x_gpio.o ABSOLUTE
    ..\..\src\lib\stm32f10x_rcc.c            0x00000000   Number         0  stm32f10x_rcc.o ABSOLUTE
    ..\..\src\lib\stm32f10x_usart.c          0x00000000   Number         0  stm32f10x_usart.o ABSOLUTE
    ..\..\src\wan_boot\checksum.c            0x00000000   Number         0  checksum.o ABSOLUTE
    ..\..\src\wan_boot\cmd.c                 0x00000000   Number         0  cmd.o ABSOLUTE
    ..\..\src\wan_boot\crc32.c               0x00000000   Number         0  crc32.o ABSOLUTE
    ..\..\src\wan_boot\main.c                0x00000000   Number         0  main.o ABSOLUTE
    ..\..\src\wan_boot\sched.c               0x00000000   Number         0  sched.o ABSOLUTE
    ..\..\src\wan_boot\time.c                0x00000000   Number         0  time.o ABSOLUTE
    ..\..\src\wan_boot\wanp.c                0x00000000   Number         0  wanp.o ABSOLUTE
    ..\\..\\src\\arch\\Init.c                0x00000000   Number         0  init.o ABSOLUTE
    ..\\..\\src\\arch\\hardware.c            0x00000000   Number         0  hardware.o ABSOLUTE
    ..\\..\\src\\arch\\irq.c                 0x00000000   Number         0  irq.o ABSOLUTE
    ..\\..\\src\\lib\\misc.c                 0x00000000   Number         0  misc.o ABSOLUTE
    ..\\..\\src\\lib\\printf_to_serial.c     0x00000000   Number         0  printf_to_serial.o ABSOLUTE
    ..\\..\\src\\lib\\stm32f10x_dma.c        0x00000000   Number         0  stm32f10x_dma.o ABSOLUTE
    ..\\..\\src\\lib\\stm32f10x_flash.c      0x00000000   Number         0  stm32f10x_flash.o ABSOLUTE
    ..\\..\\src\\lib\\stm32f10x_gpio.c       0x00000000   Number         0  stm32f10x_gpio.o ABSOLUTE
    ..\\..\\src\\lib\\stm32f10x_rcc.c        0x00000000   Number         0  stm32f10x_rcc.o ABSOLUTE
    ..\\..\\src\\lib\\stm32f10x_usart.c      0x00000000   Number         0  stm32f10x_usart.o ABSOLUTE
    ..\\..\\src\\wan_boot\\main.c            0x00000000   Number         0  main.o ABSOLUTE
    dc.s                                     0x00000000   Number         0  dc.o ABSOLUTE
    RESET                                    0x08000000   Section      304  startup_stm32f10x_hd.o(RESET)
    !!!main                                  0x08000130   Section        8  __main.o(!!!main)
    !!!scatter                               0x08000138   Section       52  __scatter.o(!!!scatter)
    !!dclz77c                                0x0800016c   Section      100  __dclz77c.o(!!dclz77c)
    !!handler_zi                             0x080001d0   Section       28  __scatter_zi.o(!!handler_zi)
    .ARM.Collect$$_printf_percent$$00000000  0x080001ec   Section        0  _printf_percent.o(.ARM.Collect$$_printf_percent$$00000000)
    .ARM.Collect$$_printf_percent$$00000009  0x080001ec   Section        6  _printf_d.o(.ARM.Collect$$_printf_percent$$00000009)
    .ARM.Collect$$_printf_percent$$0000000C  0x080001f2   Section        6  _printf_x.o(.ARM.Collect$$_printf_percent$$0000000C)
    .ARM.Collect$$_printf_percent$$00000014  0x080001f8   Section        6  _printf_s.o(.ARM.Collect$$_printf_percent$$00000014)
    .ARM.Collect$$_printf_percent$$00000017  0x080001fe   Section        4  _printf_percent_end.o(.ARM.Collect$$_printf_percent$$00000017)
    .ARM.Collect$$libinit$$00000000          0x08000202   Section        2  libinit.o(.ARM.Collect$$libinit$$00000000)
    .ARM.Collect$$libinit$$00000002          0x08000204   Section        0  libinit2.o(.ARM.Collect$$libinit$$00000002)
    .ARM.Collect$$libinit$$00000008          0x08000204   Section        0  libinit2.o(.ARM.Collect$$libinit$$00000008)
    .ARM.Collect$$libinit$$0000000A          0x08000204   Section        0  libinit2.o(.ARM.Collect$$libinit$$0000000A)
    .ARM.Collect$$libinit$$0000000C          0x08000204   Section        0  libinit2.o(.ARM.Collect$$libinit$$0000000C)
    .ARM.Collect$$libinit$$0000000D          0x08000204   Section        6  libinit2.o(.ARM.Collect$$libinit$$0000000D)
    .ARM.Collect$$libinit$$0000000F          0x0800020a   Section        0  libinit2.o(.ARM.Collect$$libinit$$0000000F)
    .ARM.Collect$$libinit$$00000010          0x0800020a   Section       12  libinit2.o(.ARM.Collect$$libinit$$00000010)
    .ARM.Collect$$libinit$$00000011          0x08000216   Section        0  libinit2.o(.ARM.Collect$$libinit$$00000011)
    .ARM.Collect$$libinit$$00000013          0x08000216   Section        0  libinit2.o(.ARM.Collect$$libinit$$00000013)
    .ARM.Collect$$libinit$$00000015          0x08000216   Section        0  libinit2.o(.ARM.Collect$$libinit$$00000015)
    .ARM.Collect$$libinit$$00000017          0x08000216   Section        0  libinit2.o(.ARM.Collect$$libinit$$00000017)
    .ARM.Collect$$libinit$$00000019          0x08000216   Section        0  libinit2.o(.ARM.Collect$$libinit$$00000019)
    .ARM.Collect$$libinit$$0000001B          0x08000216   Section        0  libinit2.o(.ARM.Collect$$libinit$$0000001B)
    .ARM.Collect$$libinit$$0000001D          0x08000216   Section        0  libinit2.o(.ARM.Collect$$libinit$$0000001D)
    .ARM.Collect$$libinit$$0000001F          0x08000216   Section        0  libinit2.o(.ARM.Collect$$libinit$$0000001F)
    .ARM.Collect$$libinit$$00000021          0x08000216   Section        0  libinit2.o(.ARM.Collect$$libinit$$00000021)
    .ARM.Collect$$libinit$$00000023          0x08000216   Section        0  libinit2.o(.ARM.Collect$$libinit$$00000023)
    .ARM.Collect$$libinit$$0000002A          0x08000216   Section        0  libinit2.o(.ARM.Collect$$libinit$$0000002A)
    .ARM.Collect$$libinit$$0000002C          0x08000216   Section        0  libinit2.o(.ARM.Collect$$libinit$$0000002C)
    .ARM.Collect$$libinit$$0000002E          0x08000216   Section        0  libinit2.o(.ARM.Collect$$libinit$$0000002E)
    .ARM.Collect$$libinit$$00000030          0x08000216   Section        0  libinit2.o(.ARM.Collect$$libinit$$00000030)
    .ARM.Collect$$libinit$$00000031          0x08000216   Section        2  libinit2.o(.ARM.Collect$$libinit$$00000031)
    .ARM.Collect$$libshutdown$$00000000      0x08000218   Section        2  libshutdown.o(.ARM.Collect$$libshutdown$$00000000)
    .ARM.Collect$$libshutdown$$00000003      0x0800021a   Section        0  libshutdown2.o(.ARM.Collect$$libshutdown$$00000003)
    .ARM.Collect$$libshutdown$$00000006      0x0800021a   Section        0  libshutdown2.o(.ARM.Collect$$libshutdown$$00000006)
    .ARM.Collect$$libshutdown$$00000009      0x0800021a   Section        0  libshutdown2.o(.ARM.Collect$$libshutdown$$00000009)
    .ARM.Collect$$libshutdown$$0000000B      0x0800021a   Section        0  libshutdown2.o(.ARM.Collect$$libshutdown$$0000000B)
    .ARM.Collect$$libshutdown$$0000000E      0x0800021a   Section        0  libshutdown2.o(.ARM.Collect$$libshutdown$$0000000E)
    .ARM.Collect$$libshutdown$$0000000F      0x0800021a   Section        2  libshutdown2.o(.ARM.Collect$$libshutdown$$0000000F)
    .ARM.Collect$$rtentry$$00000000          0x0800021c   Section        0  rtentry.o(.ARM.Collect$$rtentry$$00000000)
    .ARM.Collect$$rtentry$$00000002          0x0800021c   Section        0  rtentry2.o(.ARM.Collect$$rtentry$$00000002)
    .ARM.Collect$$rtentry$$00000004          0x0800021c   Section        6  rtentry4.o(.ARM.Collect$$rtentry$$00000004)
    .ARM.Collect$$rtentry$$00000009          0x08000222   Section        0  rtentry2.o(.ARM.Collect$$rtentry$$00000009)
    .ARM.Collect$$rtentry$$0000000A          0x08000222   Section        4  rtentry2.o(.ARM.Collect$$rtentry$$0000000A)
    .ARM.Collect$$rtentry$$0000000C          0x08000226   Section        0  rtentry2.o(.ARM.Collect$$rtentry$$0000000C)
    .ARM.Collect$$rtentry$$0000000D          0x08000226   Section        8  rtentry2.o(.ARM.Collect$$rtentry$$0000000D)
    .ARM.Collect$$rtexit$$00000000           0x0800022e   Section        2  rtexit.o(.ARM.Collect$$rtexit$$00000000)
    .ARM.Collect$$rtexit$$00000002           0x08000230   Section        0  rtexit2.o(.ARM.Collect$$rtexit$$00000002)
    .ARM.Collect$$rtexit$$00000003           0x08000230   Section        4  rtexit2.o(.ARM.Collect$$rtexit$$00000003)
    .ARM.Collect$$rtexit$$00000004           0x08000234   Section        6  rtexit2.o(.ARM.Collect$$rtexit$$00000004)
    .emb_text                                0x0800023c   Section       16  irq.o(.emb_text)
    .text                                    0x0800024c   Section        0  hardware.o(.text)
    NVIC_SetPriority                         0x0800024d   Thumb Code    32  hardware.o(.text)
    .text                                    0x080004b4   Section        0  init.o(.text)
    .text                                    0x080004f8   Section        0  irq.o(.text)
    .text                                    0x08000648   Section      116  os_cpu_a.o(.text)
    .text                                    0x080006bc   Section       56  startup_stm32f10x_hd.o(.text)
    .text                                    0x080006f4   Section        0  flash_read.o(.text)
    .text                                    0x08000720   Section        0  cmd.o(.text)
    .text                                    0x0800096c   Section        0  crc32.o(.text)
    .text                                    0x0800099c   Section        0  main.o(.text)
    .text                                    0x08000ffc   Section        0  sched.o(.text)
    .text                                    0x080011d4   Section        0  time.o(.text)
    .text                                    0x080011f8   Section        0  misc.o(.text)
    .text                                    0x080012d4   Section        0  printf_to_serial.o(.text)
    .text                                    0x080012f8   Section        0  stm32f10x_dma.o(.text)
    .text                                    0x0800154c   Section        0  stm32f10x_flash.o(.text)
    .text                                    0x08001b08   Section        0  stm32f10x_gpio.o(.text)
    .text                                    0x08001e64   Section        0  stm32f10x_rcc.o(.text)
    .text                                    0x08002208   Section        0  stm32f10x_usart.o(.text)
    .text                                    0x08002610   Section        2  use_no_semi_2.o(.text)
    .text                                    0x08002614   Section        0  __2printf.o(.text)
    .text                                    0x0800262c   Section        0  __2sprintf.o(.text)
    .text                                    0x08002658   Section        0  _printf_pad.o(.text)
    .text                                    0x080026a6   Section        0  _printf_str.o(.text)
    .text                                    0x080026f8   Section        0  _printf_dec.o(.text)
    .text                                    0x0800276c   Section        0  _printf_hex_int.o(.text)
    .text                                    0x080027c4   Section        0  __printf_flags_wp.o(.text)
    .text                                    0x080028fc   Section        0  atoi.o(.text)
    .text                                    0x08002916   Section        0  strtol.o(.text)
    .text                                    0x08002986   Section        0  strtok_r.o(.text)
    .text                                    0x0800298a   Section        0  strstr.o(.text)
    .text                                    0x080029ae   Section        0  strcpy.o(.text)
    .text                                    0x080029f6   Section        0  strlen.o(.text)
    .text                                    0x08002a34   Section       68  rt_memclr.o(.text)
    .text                                    0x08002a78   Section       78  rt_memclr_w.o(.text)
    .text                                    0x08002ac6   Section       86  strncpy.o(.text)
    .text                                    0x08002b1c   Section      128  strcmpv7m.o(.text)
    .text                                    0x08002b9c   Section        0  heapauxi.o(.text)
    .text                                    0x08002ba2   Section        2  use_no_semi.o(.text)
    .text                                    0x08002ba4   Section       16  rt_ctype_table.o(.text)
    .text                                    0x08002bb4   Section        8  rt_errno_addr_intlibspace.o(.text)
    .text                                    0x08002bbc   Section        0  _printf_intcommon.o(.text)
    .text                                    0x08002c70   Section        0  _printf_char_common.o(.text)
    _printf_input_char                       0x08002c71   Thumb Code    10  _printf_char_common.o(.text)
    .text                                    0x08002ca0   Section        0  _sputc.o(.text)
    .text                                    0x08002caa   Section        0  _printf_char.o(.text)
    .text                                    0x08002cd8   Section        0  _printf_char_file.o(.text)
    .text                                    0x08002cfc   Section        0  _strtoul.o(.text)
    .text                                    0x08002d9c   Section        0  strtok_int.o(.text)
    .text                                    0x08002de0   Section        8  libspace.o(.text)
    .text                                    0x08002de8   Section        8  rt_locale_intlibspace.o(.text)
    .text                                    0x08002df0   Section        0  _chval.o(.text)
    .text                                    0x08002e0c   Section        0  ferror.o(.text)
    .text                                    0x08002e14   Section        0  strcspn.o(.text)
    .text                                    0x08002e34   Section        0  strspn.o(.text)
    .text                                    0x08002e50   Section       74  sys_stackheap_outer.o(.text)
    .text                                    0x08002e9a   Section        0  exit.o(.text)
    i._is_digit                              0x08002ea6   Section        0  __printf_wp.o(i._is_digit)
    locale$$code                             0x08002eb4   Section       44  lc_ctype_c.o(locale$$code)
    .constdata                               0x08002ee0   Section      108  cmd.o(.constdata)
    .constdata                               0x08002f4c   Section       40  _printf_hex_int.o(.constdata)
    uc_hextab                                0x08002f4c   Data          20  _printf_hex_int.o(.constdata)
    lc_hextab                                0x08002f60   Data          20  _printf_hex_int.o(.constdata)
    .constdata                               0x08002f74   Section       17  __printf_flags_wp.o(.constdata)
    maptable                                 0x08002f74   Data          17  __printf_flags_wp.o(.constdata)
    .conststring                             0x08002f88   Section       44  cmd.o(.conststring)
    locale$$data                             0x08002fd4   Section      272  lc_ctype_c.o(locale$$data)
    __lcctype_c_name                         0x08002fd8   Data           2  lc_ctype_c.o(locale$$data)
    __lcctype_c_start                        0x08002fe0   Data           0  lc_ctype_c.o(locale$$data)
    __lcctype_c_end                          0x080030e4   Data           0  lc_ctype_c.o(locale$$data)
    .data                                    0x20000000   Section       16  irq.o(.data)
    Index                                    0x2000000c   Data           4  irq.o(.data)
    .data                                    0x20000010   Section     1024  crc32.o(.data)
    .data                                    0x20000410   Section       23  main.o(.data)
    .data                                    0x20000428   Section       16  sched.o(.data)
    .data                                    0x20000438   Section        4  printf_to_serial.o(.data)
    .data                                    0x2000043c   Section       20  stm32f10x_rcc.o(.data)
    APBAHBPrescTable                         0x2000043c   Data          16  stm32f10x_rcc.o(.data)
    ADCPrescTable                            0x2000044c   Data           4  stm32f10x_rcc.o(.data)
    .bss                                     0x20000450   Section     1024  irq.o(.bss)
    .bss                                     0x20000850   Section       64  cmd.o(.bss)
    .bss                                     0x20000890   Section     2720  main.o(.bss)
    .bss                                     0x20001330   Section     1152  sched.o(.bss)
    .bss                                     0x200017b0   Section       96  libspace.o(.bss)
    HEAP                                     0x20001810   Section      512  startup_stm32f10x_hd.o(HEAP)
    Heap_Mem                                 0x20001810   Data         512  startup_stm32f10x_hd.o(HEAP)
    STACK                                    0x20001a10   Section     1024  startup_stm32f10x_hd.o(STACK)
    Stack_Mem                                0x20001a10   Data        1024  startup_stm32f10x_hd.o(STACK)
    __initial_sp                             0x20001e10   Data           0  startup_stm32f10x_hd.o(STACK)
    .ARM.__AT_0x20008000                     0x20008000   Section    16384  hardware.o(.ARM.__AT_0x20008000)

    Global Symbols

    Symbol Name                              Value     Ov Type        Size  Object(Section)

    BuildAttributes$$THM_ISAv4$P$D$K$B$S$PE$A:L22UL41UL21$X:L11$S22US41US21$IEEE1$IW$USESV6$~STKCKD$USESV7$~SHL$OSPACE$ROPI$EBA8$UX$STANDARDLIB$REQ8$PRES8$EABIv2 0x00000000   Number         0  anon$$obj.o ABSOLUTE
    __ARM_use_no_argv                        0x00000000   Number         0  main.o ABSOLUTE
    _printf_flags                            0x00000000   Number         0  printf_stubs.o ABSOLUTE
    _printf_return_value                     0x00000000   Number         0  printf_stubs.o ABSOLUTE
    _printf_sizespec                         0x00000000   Number         0  printf_stubs.o ABSOLUTE
    _printf_widthprec                        0x00000000   Number         0  printf_stubs.o ABSOLUTE
    __ARM_exceptions_init                     - Undefined Weak Reference
    __alloca_initialize                       - Undefined Weak Reference
    __cpp_initialize__aeabi_                  - Undefined Weak Reference
    __cxa_finalize                            - Undefined Weak Reference
    __sigvec_lookup                           - Undefined Weak Reference
    _atexit_init                              - Undefined Weak Reference
    _call_atexit_fns                          - Undefined Weak Reference
    _clock_init                               - Undefined Weak Reference
    _fp_trap_init                             - Undefined Weak Reference
    _fp_trap_shutdown                         - Undefined Weak Reference
    _get_lc_collate                           - Undefined Weak Reference
    _get_lc_monetary                          - Undefined Weak Reference
    _get_lc_numeric                           - Undefined Weak Reference
    _get_lc_time                              - Undefined Weak Reference
    _getenv_init                              - Undefined Weak Reference
    _handle_redirection                       - Undefined Weak Reference
    _init_alloc                               - Undefined Weak Reference
    _init_user_alloc                          - Undefined Weak Reference
    _initio                                   - Undefined Weak Reference
    _mutex_acquire                            - Undefined Weak Reference
    _mutex_release                            - Undefined Weak Reference
    _printf_mbtowc                            - Undefined Weak Reference
    _printf_truncate_signed                   - Undefined Weak Reference
    _printf_truncate_unsigned                 - Undefined Weak Reference
    _rand_init                                - Undefined Weak Reference
    _signal_finish                            - Undefined Weak Reference
    _signal_init                              - Undefined Weak Reference
    _terminate_alloc                          - Undefined Weak Reference
    _terminate_user_alloc                     - Undefined Weak Reference
    _terminateio                              - Undefined Weak Reference
    __Vectors_Size                           0x00000130   Number         0  startup_stm32f10x_hd.o ABSOLUTE
    __Vectors                                0x08000000   Data           4  startup_stm32f10x_hd.o(RESET)
    __Vectors_End                            0x08000130   Data           0  startup_stm32f10x_hd.o(RESET)
    __main                                   0x08000131   Thumb Code     8  __main.o(!!!main)
    __scatterload                            0x08000139   Thumb Code     0  __scatter.o(!!!scatter)
    __scatterload_rt2                        0x08000139   Thumb Code    44  __scatter.o(!!!scatter)
    __scatterload_rt2_thumb_only             0x08000139   Thumb Code     0  __scatter.o(!!!scatter)
    __scatterload_null                       0x08000147   Thumb Code     0  __scatter.o(!!!scatter)
    __decompress                             0x0800016d   Thumb Code   100  __dclz77c.o(!!dclz77c)
    __decompress2                            0x0800016d   Thumb Code     0  __dclz77c.o(!!dclz77c)
    __scatterload_zeroinit                   0x080001d1   Thumb Code    28  __scatter_zi.o(!!handler_zi)
    _printf_d                                0x080001ed   Thumb Code     0  _printf_d.o(.ARM.Collect$$_printf_percent$$00000009)
    _printf_percent                          0x080001ed   Thumb Code     0  _printf_percent.o(.ARM.Collect$$_printf_percent$$00000000)
    _printf_x                                0x080001f3   Thumb Code     0  _printf_x.o(.ARM.Collect$$_printf_percent$$0000000C)
    _printf_s                                0x080001f9   Thumb Code     0  _printf_s.o(.ARM.Collect$$_printf_percent$$00000014)
    _printf_percent_end                      0x080001ff   Thumb Code     0  _printf_percent_end.o(.ARM.Collect$$_printf_percent$$00000017)
    __rt_lib_init                            0x08000203   Thumb Code     0  libinit.o(.ARM.Collect$$libinit$$00000000)
    __rt_lib_init_fp_1                       0x08000205   Thumb Code     0  libinit2.o(.ARM.Collect$$libinit$$00000002)
    __rt_lib_init_heap_1                     0x08000205   Thumb Code     0  libinit2.o(.ARM.Collect$$libinit$$00000008)
    __rt_lib_init_lc_common                  0x08000205   Thumb Code     0  libinit2.o(.ARM.Collect$$libinit$$0000000D)
    __rt_lib_init_rand_1                     0x08000205   Thumb Code     0  libinit2.o(.ARM.Collect$$libinit$$0000000C)
    __rt_lib_init_user_alloc_1               0x08000205   Thumb Code     0  libinit2.o(.ARM.Collect$$libinit$$0000000A)
    __rt_lib_init_lc_collate_1               0x0800020b   Thumb Code     0  libinit2.o(.ARM.Collect$$libinit$$0000000F)
    __rt_lib_init_lc_ctype_2                 0x0800020b   Thumb Code     0  libinit2.o(.ARM.Collect$$libinit$$00000010)
    __rt_lib_init_alloca_1                   0x08000217   Thumb Code     0  libinit2.o(.ARM.Collect$$libinit$$0000002C)
    __rt_lib_init_argv_1                     0x08000217   Thumb Code     0  libinit2.o(.ARM.Collect$$libinit$$0000002A)
    __rt_lib_init_atexit_1                   0x08000217   Thumb Code     0  libinit2.o(.ARM.Collect$$libinit$$00000019)
    __rt_lib_init_clock_1                    0x08000217   Thumb Code     0  libinit2.o(.ARM.Collect$$libinit$$0000001F)
    __rt_lib_init_cpp_1                      0x08000217   Thumb Code     0  libinit2.o(.ARM.Collect$$libinit$$00000030)
    __rt_lib_init_exceptions_1               0x08000217   Thumb Code     0  libinit2.o(.ARM.Collect$$libinit$$0000002E)
    __rt_lib_init_fp_trap_1                  0x08000217   Thumb Code     0  libinit2.o(.ARM.Collect$$libinit$$0000001D)
    __rt_lib_init_getenv_1                   0x08000217   Thumb Code     0  libinit2.o(.ARM.Collect$$libinit$$00000021)
    __rt_lib_init_lc_ctype_1                 0x08000217   Thumb Code     0  libinit2.o(.ARM.Collect$$libinit$$00000011)
    __rt_lib_init_lc_monetary_1              0x08000217   Thumb Code     0  libinit2.o(.ARM.Collect$$libinit$$00000013)
    __rt_lib_init_lc_numeric_1               0x08000217   Thumb Code     0  libinit2.o(.ARM.Collect$$libinit$$00000015)
    __rt_lib_init_lc_time_1                  0x08000217   Thumb Code     0  libinit2.o(.ARM.Collect$$libinit$$00000017)
    __rt_lib_init_return                     0x08000217   Thumb Code     0  libinit2.o(.ARM.Collect$$libinit$$00000031)
    __rt_lib_init_signal_1                   0x08000217   Thumb Code     0  libinit2.o(.ARM.Collect$$libinit$$0000001B)
    __rt_lib_init_stdio_1                    0x08000217   Thumb Code     0  libinit2.o(.ARM.Collect$$libinit$$00000023)
    __rt_lib_shutdown                        0x08000219   Thumb Code     0  libshutdown.o(.ARM.Collect$$libshutdown$$00000000)
    __rt_lib_shutdown_fp_trap_1              0x0800021b   Thumb Code     0  libshutdown2.o(.ARM.Collect$$libshutdown$$00000006)
    __rt_lib_shutdown_heap_1                 0x0800021b   Thumb Code     0  libshutdown2.o(.ARM.Collect$$libshutdown$$0000000E)
    __rt_lib_shutdown_return                 0x0800021b   Thumb Code     0  libshutdown2.o(.ARM.Collect$$libshutdown$$0000000F)
    __rt_lib_shutdown_signal_1               0x0800021b   Thumb Code     0  libshutdown2.o(.ARM.Collect$$libshutdown$$00000009)
    __rt_lib_shutdown_stdio_1                0x0800021b   Thumb Code     0  libshutdown2.o(.ARM.Collect$$libshutdown$$00000003)
    __rt_lib_shutdown_user_alloc_1           0x0800021b   Thumb Code     0  libshutdown2.o(.ARM.Collect$$libshutdown$$0000000B)
    __rt_entry                               0x0800021d   Thumb Code     0  rtentry.o(.ARM.Collect$$rtentry$$00000000)
    __rt_entry_presh_1                       0x0800021d   Thumb Code     0  rtentry2.o(.ARM.Collect$$rtentry$$00000002)
    __rt_entry_sh                            0x0800021d   Thumb Code     0  rtentry4.o(.ARM.Collect$$rtentry$$00000004)
    __rt_entry_li                            0x08000223   Thumb Code     0  rtentry2.o(.ARM.Collect$$rtentry$$0000000A)
    __rt_entry_postsh_1                      0x08000223   Thumb Code     0  rtentry2.o(.ARM.Collect$$rtentry$$00000009)
    __rt_entry_main                          0x08000227   Thumb Code     0  rtentry2.o(.ARM.Collect$$rtentry$$0000000D)
    __rt_entry_postli_1                      0x08000227   Thumb Code     0  rtentry2.o(.ARM.Collect$$rtentry$$0000000C)
    __rt_exit                                0x0800022f   Thumb Code     0  rtexit.o(.ARM.Collect$$rtexit$$00000000)
    __rt_exit_ls                             0x08000231   Thumb Code     0  rtexit2.o(.ARM.Collect$$rtexit$$00000003)
    __rt_exit_prels_1                        0x08000231   Thumb Code     0  rtexit2.o(.ARM.Collect$$rtexit$$00000002)
    __rt_exit_exit                           0x08000235   Thumb Code     0  rtexit2.o(.ARM.Collect$$rtexit$$00000004)
    ModifyPC                                 0x0800023d   Thumb Code    12  irq.o(.emb_text)
    InitBuffers                              0x0800026d   Thumb Code    14  hardware.o(.text)
    InitClk                                  0x0800027b   Thumb Code   114  hardware.o(.text)
    SysTickInit                              0x080002ed   Thumb Code    66  hardware.o(.text)
    RCC_EnablePhripheralInit                 0x0800032f   Thumb Code    20  hardware.o(.text)
    LedInit                                  0x08000343   Thumb Code    48  hardware.o(.text)
    USART1_Configuration                     0x08000373   Thumb Code   170  hardware.o(.text)
    DMA_Configuration                        0x0800041d   Thumb Code   118  hardware.o(.text)
    OSInit                                   0x080004b5   Thumb Code    62  init.o(.text)
    IRQInit                                  0x080004f9   Thumb Code    30  irq.o(.text)
    SysTick_Handler                          0x08000517   Thumb Code    52  irq.o(.text)
    USART1_IRQHandler                        0x0800054b   Thumb Code   136  irq.o(.text)
    GetTime_API                              0x080005d3   Thumb Code     6  irq.o(.text)
    DMA1_Channel5_IRQHandler                 0x080005d9   Thumb Code    72  irq.o(.text)
    OS_ENTER_CRITICAL                        0x08000649   Thumb Code     0  os_cpu_a.o(.text)
    OS_EXIT_CRITICAL                         0x0800064d   Thumb Code     0  os_cpu_a.o(.text)
    OSStart                                  0x08000651   Thumb Code     0  os_cpu_a.o(.text)
    PendSV_Handler                           0x0800066f   Thumb Code     0  os_cpu_a.o(.text)
    OSCtxSw                                  0x0800069f   Thumb Code     0  os_cpu_a.o(.text)
    Reset_Handler                            0x080006bd   Thumb Code     4  startup_stm32f10x_hd.o(.text)
    NMI_Handler                              0x080006c1   Thumb Code     2  startup_stm32f10x_hd.o(.text)
    HardFault_Handler                        0x080006c3   Thumb Code     2  startup_stm32f10x_hd.o(.text)
    MemManage_Handler                        0x080006c5   Thumb Code     2  startup_stm32f10x_hd.o(.text)
    BusFault_Handler                         0x080006c7   Thumb Code     2  startup_stm32f10x_hd.o(.text)
    UsageFault_Handler                       0x080006c9   Thumb Code     2  startup_stm32f10x_hd.o(.text)
    SVC_Handler                              0x080006cb   Thumb Code     2  startup_stm32f10x_hd.o(.text)
    DebugMon_Handler                         0x080006cd   Thumb Code     2  startup_stm32f10x_hd.o(.text)
    ADC1_2_IRQHandler                        0x080006d3   Thumb Code     0  startup_stm32f10x_hd.o(.text)
    ADC3_IRQHandler                          0x080006d3   Thumb Code     0  startup_stm32f10x_hd.o(.text)
    CAN1_RX1_IRQHandler                      0x080006d3   Thumb Code     0  startup_stm32f10x_hd.o(.text)
    CAN1_SCE_IRQHandler                      0x080006d3   Thumb Code     0  startup_stm32f10x_hd.o(.text)
    DMA1_Channel1_IRQHandler                 0x080006d3   Thumb Code     0  startup_stm32f10x_hd.o(.text)
    DMA1_Channel2_IRQHandler                 0x080006d3   Thumb Code     0  startup_stm32f10x_hd.o(.text)
    DMA1_Channel3_IRQHandler                 0x080006d3   Thumb Code     0  startup_stm32f10x_hd.o(.text)
    DMA1_Channel4_IRQHandler                 0x080006d3   Thumb Code     0  startup_stm32f10x_hd.o(.text)
    DMA1_Channel6_IRQHandler                 0x080006d3   Thumb Code     0  startup_stm32f10x_hd.o(.text)
    DMA1_Channel7_IRQHandler                 0x080006d3   Thumb Code     0  startup_stm32f10x_hd.o(.text)
    DMA2_Channel1_IRQHandler                 0x080006d3   Thumb Code     0  startup_stm32f10x_hd.o(.text)
    DMA2_Channel2_IRQHandler                 0x080006d3   Thumb Code     0  startup_stm32f10x_hd.o(.text)
    DMA2_Channel3_IRQHandler                 0x080006d3   Thumb Code     0  startup_stm32f10x_hd.o(.text)
    DMA2_Channel4_5_IRQHandler               0x080006d3   Thumb Code     0  startup_stm32f10x_hd.o(.text)
    EXTI0_IRQHandler                         0x080006d3   Thumb Code     0  startup_stm32f10x_hd.o(.text)
    EXTI15_10_IRQHandler                     0x080006d3   Thumb Code     0  startup_stm32f10x_hd.o(.text)
    EXTI1_IRQHandler                         0x080006d3   Thumb Code     0  startup_stm32f10x_hd.o(.text)
    EXTI2_IRQHandler                         0x080006d3   Thumb Code     0  startup_stm32f10x_hd.o(.text)
    EXTI3_IRQHandler                         0x080006d3   Thumb Code     0  startup_stm32f10x_hd.o(.text)
    EXTI4_IRQHandler                         0x080006d3   Thumb Code     0  startup_stm32f10x_hd.o(.text)
    EXTI9_5_IRQHandler                       0x080006d3   Thumb Code     0  startup_stm32f10x_hd.o(.text)
    FLASH_IRQHandler                         0x080006d3   Thumb Code     0  startup_stm32f10x_hd.o(.text)
    FSMC_IRQHandler                          0x080006d3   Thumb Code     0  startup_stm32f10x_hd.o(.text)
    I2C1_ER_IRQHandler                       0x080006d3   Thumb Code     0  startup_stm32f10x_hd.o(.text)
    I2C1_EV_IRQHandler                       0x080006d3   Thumb Code     0  startup_stm32f10x_hd.o(.text)
    I2C2_ER_IRQHandler                       0x080006d3   Thumb Code     0  startup_stm32f10x_hd.o(.text)
    I2C2_EV_IRQHandler                       0x080006d3   Thumb Code     0  startup_stm32f10x_hd.o(.text)
    PVD_IRQHandler                           0x080006d3   Thumb Code     0  startup_stm32f10x_hd.o(.text)
    RCC_IRQHandler                           0x080006d3   Thumb Code     0  startup_stm32f10x_hd.o(.text)
    RTCAlarm_IRQHandler                      0x080006d3   Thumb Code     0  startup_stm32f10x_hd.o(.text)
    RTC_IRQHandler                           0x080006d3   Thumb Code     0  startup_stm32f10x_hd.o(.text)
    SDIO_IRQHandler                          0x080006d3   Thumb Code     0  startup_stm32f10x_hd.o(.text)
    SPI1_IRQHandler                          0x080006d3   Thumb Code     0  startup_stm32f10x_hd.o(.text)
    SPI2_IRQHandler                          0x080006d3   Thumb Code     0  startup_stm32f10x_hd.o(.text)
    SPI3_IRQHandler                          0x080006d3   Thumb Code     0  startup_stm32f10x_hd.o(.text)
    TAMPER_IRQHandler                        0x080006d3   Thumb Code     0  startup_stm32f10x_hd.o(.text)
    TIM1_BRK_IRQHandler                      0x080006d3   Thumb Code     0  startup_stm32f10x_hd.o(.text)
    TIM1_CC_IRQHandler                       0x080006d3   Thumb Code     0  startup_stm32f10x_hd.o(.text)
    TIM1_TRG_COM_IRQHandler                  0x080006d3   Thumb Code     0  startup_stm32f10x_hd.o(.text)
    TIM1_UP_IRQHandler                       0x080006d3   Thumb Code     0  startup_stm32f10x_hd.o(.text)
    TIM2_IRQHandler                          0x080006d3   Thumb Code     0  startup_stm32f10x_hd.o(.text)
    TIM3_IRQHandler                          0x080006d3   Thumb Code     0  startup_stm32f10x_hd.o(.text)
    TIM4_IRQHandler                          0x080006d3   Thumb Code     0  startup_stm32f10x_hd.o(.text)
    TIM5_IRQHandler                          0x080006d3   Thumb Code     0  startup_stm32f10x_hd.o(.text)
    TIM6_IRQHandler                          0x080006d3   Thumb Code     0  startup_stm32f10x_hd.o(.text)
    TIM7_IRQHandler                          0x080006d3   Thumb Code     0  startup_stm32f10x_hd.o(.text)
    TIM8_BRK_IRQHandler                      0x080006d3   Thumb Code     0  startup_stm32f10x_hd.o(.text)
    TIM8_CC_IRQHandler                       0x080006d3   Thumb Code     0  startup_stm32f10x_hd.o(.text)
    TIM8_TRG_COM_IRQHandler                  0x080006d3   Thumb Code     0  startup_stm32f10x_hd.o(.text)
    TIM8_UP_IRQHandler                       0x080006d3   Thumb Code     0  startup_stm32f10x_hd.o(.text)
    UART4_IRQHandler                         0x080006d3   Thumb Code     0  startup_stm32f10x_hd.o(.text)
    UART5_IRQHandler                         0x080006d3   Thumb Code     0  startup_stm32f10x_hd.o(.text)
    USART2_IRQHandler                        0x080006d3   Thumb Code     0  startup_stm32f10x_hd.o(.text)
    USART3_IRQHandler                        0x080006d3   Thumb Code     0  startup_stm32f10x_hd.o(.text)
    USBWakeUp_IRQHandler                     0x080006d3   Thumb Code     0  startup_stm32f10x_hd.o(.text)
    USB_HP_CAN1_TX_IRQHandler                0x080006d3   Thumb Code     0  startup_stm32f10x_hd.o(.text)
    USB_LP_CAN1_RX0_IRQHandler               0x080006d3   Thumb Code     0  startup_stm32f10x_hd.o(.text)
    WWDG_IRQHandler                          0x080006d3   Thumb Code     0  startup_stm32f10x_hd.o(.text)
    __user_initial_stackheap                 0x080006d5   Thumb Code     0  startup_stm32f10x_hd.o(.text)
    flash_read_l                             0x080006f5   Thumb Code    42  flash_read.o(.text)
    GetCmd                                   0x08000721   Thumb Code    70  cmd.o(.text)
    RespOK                                   0x08000767   Thumb Code    52  cmd.o(.text)
    RespErr                                  0x0800079b   Thumb Code    82  cmd.o(.text)
    DoHello                                  0x080007ed   Thumb Code    30  cmd.o(.text)
    DoBurn                                   0x0800080b   Thumb Code   274  cmd.o(.text)
    DoStartos                                0x0800091d   Thumb Code    30  cmd.o(.text)
    SealPacket                               0x0800093b   Thumb Code    16  cmd.o(.text)
    crc32_byte                               0x0800096d   Thumb Code    42  crc32.o(.text)
    WaitBurning                              0x0800099d   Thumb Code   282  main.o(.text)
    TaskBH                                   0x08000ab7   Thumb Code   652  main.o(.text)
    TaskLed                                  0x08000d43   Thumb Code    24  main.o(.text)
    main                                     0x08000d5b   Thumb Code   674  main.o(.text)
    OSTaskStkInit                            0x08000ffd   Thumb Code   154  sched.o(.text)
    OS_TaskIdle                              0x08001097   Thumb Code     6  sched.o(.text)
    OSInitTaskIdle                           0x0800109d   Thumb Code    38  sched.o(.text)
    OSTCBSet                                 0x080010c3   Thumb Code    14  sched.o(.text)
    OSTaskCreate                             0x080010d1   Thumb Code    72  sched.o(.text)
    OSTaskInit                               0x08001119   Thumb Code    60  sched.o(.text)
    OSTaskSchedule                           0x08001155   Thumb Code    78  sched.o(.text)
    TaskSetDaemonFlag                        0x080011a3   Thumb Code     8  sched.o(.text)
    TaskSetPriority                          0x080011ab   Thumb Code     8  sched.o(.text)
    TaskSetState                             0x080011b3   Thumb Code     8  sched.o(.text)
    GetTime                                  0x080011d5   Thumb Code     8  time.o(.text)
    delayMs                                  0x080011dd   Thumb Code    28  time.o(.text)
    NVIC_PriorityGroupConfig                 0x080011f9   Thumb Code    10  misc.o(.text)
    NVIC_Init                                0x08001203   Thumb Code   100  misc.o(.text)
    NVIC_SetVectorTable                      0x08001267   Thumb Code    14  misc.o(.text)
    NVIC_SystemLPConfig                      0x08001275   Thumb Code    34  misc.o(.text)
    SysTick_CLKSourceConfig                  0x08001297   Thumb Code    40  misc.o(.text)
    _sys_exit                                0x080012d5   Thumb Code     6  printf_to_serial.o(.text)
    fputc                                    0x080012db   Thumb Code    26  printf_to_serial.o(.text)
    DMA_DeInit                               0x080012f9   Thumb Code   324  stm32f10x_dma.o(.text)
    DMA_Init                                 0x0800143d   Thumb Code    60  stm32f10x_dma.o(.text)
    DMA_StructInit                           0x08001479   Thumb Code    26  stm32f10x_dma.o(.text)
    DMA_Cmd                                  0x08001493   Thumb Code    24  stm32f10x_dma.o(.text)
    DMA_ITConfig                             0x080014ab   Thumb Code    18  stm32f10x_dma.o(.text)
    DMA_SetCurrDataCounter                   0x080014bd   Thumb Code     4  stm32f10x_dma.o(.text)
    DMA_GetCurrDataCounter                   0x080014c1   Thumb Code     8  stm32f10x_dma.o(.text)
    DMA_GetFlagStatus                        0x080014c9   Thumb Code    40  stm32f10x_dma.o(.text)
    DMA_ClearFlag                            0x080014f1   Thumb Code    22  stm32f10x_dma.o(.text)
    DMA_GetITStatus                          0x08001507   Thumb Code    40  stm32f10x_dma.o(.text)
    DMA_ClearITPendingBit                    0x0800152f   Thumb Code    22  stm32f10x_dma.o(.text)
    FLASH_SetLatency                         0x0800154d   Thumb Code    18  stm32f10x_flash.o(.text)
    FLASH_HalfCycleAccessCmd                 0x0800155f   Thumb Code    22  stm32f10x_flash.o(.text)
    FLASH_PrefetchBufferCmd                  0x08001575   Thumb Code    22  stm32f10x_flash.o(.text)
    FLASH_Unlock                             0x0800158b   Thumb Code    12  stm32f10x_flash.o(.text)
    FLASH_UnlockBank1                        0x08001597   Thumb Code    12  stm32f10x_flash.o(.text)
    FLASH_Lock                               0x080015a3   Thumb Code    14  stm32f10x_flash.o(.text)
    FLASH_LockBank1                          0x080015b1   Thumb Code    14  stm32f10x_flash.o(.text)
    FLASH_GetBank1Status                     0x080015bf   Thumb Code    48  stm32f10x_flash.o(.text)
    FLASH_WaitForLastOperation               0x080015ef   Thumb Code    38  stm32f10x_flash.o(.text)
    FLASH_ErasePage                          0x08001615   Thumb Code    72  stm32f10x_flash.o(.text)
    FLASH_EraseAllPages                      0x0800165d   Thumb Code    68  stm32f10x_flash.o(.text)
    FLASH_WaitForLastBank1Operation          0x080016a1   Thumb Code    38  stm32f10x_flash.o(.text)
    FLASH_EraseAllBank1Pages                 0x080016c7   Thumb Code    68  stm32f10x_flash.o(.text)
    FLASH_GetReadOutProtectionStatus         0x0800170b   Thumb Code    20  stm32f10x_flash.o(.text)
    FLASH_EraseOptionBytes                   0x0800171f   Thumb Code   150  stm32f10x_flash.o(.text)
    FLASH_ProgramWord                        0x080017b5   Thumb Code   102  stm32f10x_flash.o(.text)
    FLASH_ProgramHalfWord                    0x0800181b   Thumb Code    60  stm32f10x_flash.o(.text)
    FLASH_ProgramOptionByteData              0x08001857   Thumb Code    72  stm32f10x_flash.o(.text)
    FLASH_EnableWriteProtection              0x0800189f   Thumb Code   200  stm32f10x_flash.o(.text)
    FLASH_ReadOutProtection                  0x08001967   Thumb Code   156  stm32f10x_flash.o(.text)
    FLASH_UserOptionByteConfig               0x08001a03   Thumb Code    88  stm32f10x_flash.o(.text)
    FLASH_GetUserOptionByte                  0x08001a5b   Thumb Code     8  stm32f10x_flash.o(.text)
    FLASH_GetWriteProtectionOptionByte       0x08001a63   Thumb Code     6  stm32f10x_flash.o(.text)
    FLASH_GetPrefetchBufferStatus            0x08001a69   Thumb Code    20  stm32f10x_flash.o(.text)
    FLASH_ITConfig                           0x08001a7d   Thumb Code    26  stm32f10x_flash.o(.text)
    FLASH_GetFlagStatus                      0x08001a97   Thumb Code    42  stm32f10x_flash.o(.text)
    FLASH_ClearFlag                          0x08001ac1   Thumb Code     6  stm32f10x_flash.o(.text)
    FLASH_GetStatus                          0x08001ac7   Thumb Code    48  stm32f10x_flash.o(.text)
    GPIO_DeInit                              0x08001b09   Thumb Code   172  stm32f10x_gpio.o(.text)
    GPIO_AFIODeInit                          0x08001bb5   Thumb Code    20  stm32f10x_gpio.o(.text)
    GPIO_Init                                0x08001bc9   Thumb Code   278  stm32f10x_gpio.o(.text)
    GPIO_StructInit                          0x08001cdf   Thumb Code    16  stm32f10x_gpio.o(.text)
    GPIO_ReadInputDataBit                    0x08001cef   Thumb Code    18  stm32f10x_gpio.o(.text)
    GPIO_ReadInputData                       0x08001d01   Thumb Code     8  stm32f10x_gpio.o(.text)
    GPIO_ReadOutputDataBit                   0x08001d09   Thumb Code    18  stm32f10x_gpio.o(.text)
    GPIO_ReadOutputData                      0x08001d1b   Thumb Code     8  stm32f10x_gpio.o(.text)
    GPIO_SetBits                             0x08001d23   Thumb Code     4  stm32f10x_gpio.o(.text)
    GPIO_ResetBits                           0x08001d27   Thumb Code     4  stm32f10x_gpio.o(.text)
    GPIO_WriteBit                            0x08001d2b   Thumb Code    10  stm32f10x_gpio.o(.text)
    GPIO_Write                               0x08001d35   Thumb Code     4  stm32f10x_gpio.o(.text)
    GPIO_PinLockConfig                       0x08001d39   Thumb Code    18  stm32f10x_gpio.o(.text)
    GPIO_EventOutputConfig                   0x08001d4b   Thumb Code    26  stm32f10x_gpio.o(.text)
    GPIO_EventOutputCmd                      0x08001d65   Thumb Code     6  stm32f10x_gpio.o(.text)
    GPIO_PinRemapConfig                      0x08001d6b   Thumb Code   138  stm32f10x_gpio.o(.text)
    GPIO_EXTILineConfig                      0x08001df5   Thumb Code    66  stm32f10x_gpio.o(.text)
    GPIO_ETH_MediaInterfaceConfig            0x08001e37   Thumb Code     8  stm32f10x_gpio.o(.text)
    RCC_DeInit                               0x08001e65   Thumb Code    64  stm32f10x_rcc.o(.text)
    RCC_HSEConfig                            0x08001ea5   Thumb Code    70  stm32f10x_rcc.o(.text)
    RCC_GetFlagStatus                        0x08001eeb   Thumb Code    56  stm32f10x_rcc.o(.text)
    RCC_WaitForHSEStartUp                    0x08001f23   Thumb Code    56  stm32f10x_rcc.o(.text)
    RCC_AdjustHSICalibrationValue            0x08001f5b   Thumb Code    20  stm32f10x_rcc.o(.text)
    RCC_HSICmd                               0x08001f6f   Thumb Code     6  stm32f10x_rcc.o(.text)
    RCC_PLLConfig                            0x08001f75   Thumb Code    24  stm32f10x_rcc.o(.text)
    RCC_PLLCmd                               0x08001f8d   Thumb Code     6  stm32f10x_rcc.o(.text)
    RCC_SYSCLKConfig                         0x08001f93   Thumb Code    18  stm32f10x_rcc.o(.text)
    RCC_GetSYSCLKSource                      0x08001fa5   Thumb Code    10  stm32f10x_rcc.o(.text)
    RCC_HCLKConfig                           0x08001faf   Thumb Code    18  stm32f10x_rcc.o(.text)
    RCC_PCLK1Config                          0x08001fc1   Thumb Code    18  stm32f10x_rcc.o(.text)
    RCC_PCLK2Config                          0x08001fd3   Thumb Code    20  stm32f10x_rcc.o(.text)
    RCC_ITConfig                             0x08001fe7   Thumb Code    26  stm32f10x_rcc.o(.text)
    RCC_USBCLKConfig                         0x08002001   Thumb Code     8  stm32f10x_rcc.o(.text)
    RCC_ADCCLKConfig                         0x08002009   Thumb Code    18  stm32f10x_rcc.o(.text)
    RCC_LSEConfig                            0x0800201b   Thumb Code    50  stm32f10x_rcc.o(.text)
    RCC_LSICmd                               0x0800204d   Thumb Code     6  stm32f10x_rcc.o(.text)
    RCC_RTCCLKConfig                         0x08002053   Thumb Code    12  stm32f10x_rcc.o(.text)
    RCC_RTCCLKCmd                            0x0800205f   Thumb Code     8  stm32f10x_rcc.o(.text)
    RCC_GetClocksFreq                        0x08002067   Thumb Code   192  stm32f10x_rcc.o(.text)
    RCC_AHBPeriphClockCmd                    0x08002127   Thumb Code    26  stm32f10x_rcc.o(.text)
    RCC_APB2PeriphClockCmd                   0x08002141   Thumb Code    26  stm32f10x_rcc.o(.text)
    RCC_APB1PeriphClockCmd                   0x0800215b   Thumb Code    26  stm32f10x_rcc.o(.text)
    RCC_APB2PeriphResetCmd                   0x08002175   Thumb Code    26  stm32f10x_rcc.o(.text)
    RCC_APB1PeriphResetCmd                   0x0800218f   Thumb Code    26  stm32f10x_rcc.o(.text)
    RCC_BackupResetCmd                       0x080021a9   Thumb Code     8  stm32f10x_rcc.o(.text)
    RCC_ClockSecuritySystemCmd               0x080021b1   Thumb Code     6  stm32f10x_rcc.o(.text)
    RCC_MCOConfig                            0x080021b7   Thumb Code     6  stm32f10x_rcc.o(.text)
    RCC_ClearFlag                            0x080021bd   Thumb Code    14  stm32f10x_rcc.o(.text)
    RCC_GetITStatus                          0x080021cb   Thumb Code    20  stm32f10x_rcc.o(.text)
    RCC_ClearITPendingBit                    0x080021df   Thumb Code     6  stm32f10x_rcc.o(.text)
    USART_DeInit                             0x08002209   Thumb Code   134  stm32f10x_usart.o(.text)
    USART_Init                               0x0800228f   Thumb Code   210  stm32f10x_usart.o(.text)
    USART_StructInit                         0x08002361   Thumb Code    24  stm32f10x_usart.o(.text)
    USART_ClockInit                          0x08002379   Thumb Code    34  stm32f10x_usart.o(.text)
    USART_ClockStructInit                    0x0800239b   Thumb Code    12  stm32f10x_usart.o(.text)
    USART_Cmd                                0x080023a7   Thumb Code    24  stm32f10x_usart.o(.text)
    USART_ITConfig                           0x080023bf   Thumb Code    74  stm32f10x_usart.o(.text)
    USART_DMACmd                             0x08002409   Thumb Code    18  stm32f10x_usart.o(.text)
    USART_SetAddress                         0x0800241b   Thumb Code    18  stm32f10x_usart.o(.text)
    USART_WakeUpConfig                       0x0800242d   Thumb Code    18  stm32f10x_usart.o(.text)
    USART_ReceiverWakeUpCmd                  0x0800243f   Thumb Code    24  stm32f10x_usart.o(.text)
    USART_LINBreakDetectLengthConfig         0x08002457   Thumb Code    18  stm32f10x_usart.o(.text)
    USART_LINCmd                             0x08002469   Thumb Code    24  stm32f10x_usart.o(.text)
    USART_SendData                           0x08002481   Thumb Code     8  stm32f10x_usart.o(.text)
    USART_ReceiveData                        0x08002489   Thumb Code    10  stm32f10x_usart.o(.text)
    USART_SendBreak                          0x08002493   Thumb Code    10  stm32f10x_usart.o(.text)
    USART_SetGuardTime                       0x0800249d   Thumb Code    16  stm32f10x_usart.o(.text)
    USART_SetPrescaler                       0x080024ad   Thumb Code    16  stm32f10x_usart.o(.text)
    USART_SmartCardCmd                       0x080024bd   Thumb Code    24  stm32f10x_usart.o(.text)
    USART_SmartCardNACKCmd                   0x080024d5   Thumb Code    24  stm32f10x_usart.o(.text)
    USART_HalfDuplexCmd                      0x080024ed   Thumb Code    24  stm32f10x_usart.o(.text)
    USART_OverSampling8Cmd                   0x08002505   Thumb Code    22  stm32f10x_usart.o(.text)
    USART_OneBitMethodCmd                    0x0800251b   Thumb Code    24  stm32f10x_usart.o(.text)
    USART_IrDAConfig                         0x08002533   Thumb Code    18  stm32f10x_usart.o(.text)
    USART_IrDACmd                            0x08002545   Thumb Code    24  stm32f10x_usart.o(.text)
    USART_GetFlagStatus                      0x0800255d   Thumb Code    26  stm32f10x_usart.o(.text)
    USART_ClearFlag                          0x08002577   Thumb Code    18  stm32f10x_usart.o(.text)
    USART_GetITStatus                        0x08002589   Thumb Code    84  stm32f10x_usart.o(.text)
    USART_ClearITPendingBit                  0x080025dd   Thumb Code    52  stm32f10x_usart.o(.text)
    __use_no_semihosting                     0x08002611   Thumb Code     2  use_no_semi_2.o(.text)
    __2printf                                0x08002615   Thumb Code    20  __2printf.o(.text)
    __2sprintf                               0x0800262d   Thumb Code    38  __2sprintf.o(.text)
    _printf_pre_padding                      0x08002659   Thumb Code    44  _printf_pad.o(.text)
    _printf_post_padding                     0x08002685   Thumb Code    34  _printf_pad.o(.text)
    _printf_str                              0x080026a7   Thumb Code    82  _printf_str.o(.text)
    _printf_int_dec                          0x080026f9   Thumb Code   100  _printf_dec.o(.text)
    _printf_int_hex                          0x0800276d   Thumb Code    84  _printf_hex_int.o(.text)
    _printf_longlong_hex                     0x0800276d   Thumb Code     0  _printf_hex_int.o(.text)
    __printf                                 0x080027c5   Thumb Code   308  __printf_flags_wp.o(.text)
    atoi                                     0x080028fd   Thumb Code    26  atoi.o(.text)
    strtol                                   0x08002917   Thumb Code   112  strtol.o(.text)
    _strtok_r                                0x08002987   Thumb Code     4  strtok_r.o(.text)
    strtok_r                                 0x08002987   Thumb Code     0  strtok_r.o(.text)
    strstr                                   0x0800298b   Thumb Code    36  strstr.o(.text)
    strcpy                                   0x080029af   Thumb Code    72  strcpy.o(.text)
    strlen                                   0x080029f7   Thumb Code    62  strlen.o(.text)
    __aeabi_memclr                           0x08002a35   Thumb Code     0  rt_memclr.o(.text)
    __rt_memclr                              0x08002a35   Thumb Code    68  rt_memclr.o(.text)
    _memset                                  0x08002a39   Thumb Code     0  rt_memclr.o(.text)
    __aeabi_memclr4                          0x08002a79   Thumb Code     0  rt_memclr_w.o(.text)
    __aeabi_memclr8                          0x08002a79   Thumb Code     0  rt_memclr_w.o(.text)
    __rt_memclr_w                            0x08002a79   Thumb Code    78  rt_memclr_w.o(.text)
    _memset_w                                0x08002a7d   Thumb Code     0  rt_memclr_w.o(.text)
    strncpy                                  0x08002ac7   Thumb Code    86  strncpy.o(.text)
    strcmp                                   0x08002b1d   Thumb Code   128  strcmpv7m.o(.text)
    __use_two_region_memory                  0x08002b9d   Thumb Code     2  heapauxi.o(.text)
    __rt_heap_escrow$2region                 0x08002b9f   Thumb Code     2  heapauxi.o(.text)
    __rt_heap_expand$2region                 0x08002ba1   Thumb Code     2  heapauxi.o(.text)
    __I$use$semihosting                      0x08002ba3   Thumb Code     0  use_no_semi.o(.text)
    __use_no_semihosting_swi                 0x08002ba3   Thumb Code     2  use_no_semi.o(.text)
    __rt_ctype_table                         0x08002ba5   Thumb Code    16  rt_ctype_table.o(.text)
    __aeabi_errno_addr                       0x08002bb5   Thumb Code     8  rt_errno_addr_intlibspace.o(.text)
    __errno$intlibspace                      0x08002bb5   Thumb Code     0  rt_errno_addr_intlibspace.o(.text)
    __rt_errno_addr$intlibspace              0x08002bb5   Thumb Code     0  rt_errno_addr_intlibspace.o(.text)
    _printf_int_common                       0x08002bbd   Thumb Code   178  _printf_intcommon.o(.text)
    _printf_char_common                      0x08002c7b   Thumb Code    32  _printf_char_common.o(.text)
    _sputc                                   0x08002ca1   Thumb Code    10  _sputc.o(.text)
    _printf_cs_common                        0x08002cab   Thumb Code    20  _printf_char.o(.text)
    _printf_char                             0x08002cbf   Thumb Code    16  _printf_char.o(.text)
    _printf_string                           0x08002ccf   Thumb Code     8  _printf_char.o(.text)
    _printf_char_file                        0x08002cd9   Thumb Code    32  _printf_char_file.o(.text)
    _strtoul                                 0x08002cfd   Thumb Code   158  _strtoul.o(.text)
    __strtok_internal                        0x08002d9d   Thumb Code    64  strtok_int.o(.text)
    __user_libspace                          0x08002de1   Thumb Code     8  libspace.o(.text)
    __user_perproc_libspace                  0x08002de1   Thumb Code     0  libspace.o(.text)
    __user_perthread_libspace                0x08002de1   Thumb Code     0  libspace.o(.text)
    __rt_locale                              0x08002de9   Thumb Code     8  rt_locale_intlibspace.o(.text)
    _chval                                   0x08002df1   Thumb Code    28  _chval.o(.text)
    ferror                                   0x08002e0d   Thumb Code     8  ferror.o(.text)
    strcspn                                  0x08002e15   Thumb Code    32  strcspn.o(.text)
    strspn                                   0x08002e35   Thumb Code    28  strspn.o(.text)
    __user_setup_stackheap                   0x08002e51   Thumb Code    74  sys_stackheap_outer.o(.text)
    exit                                     0x08002e9b   Thumb Code    12  exit.o(.text)
    _is_digit                                0x08002ea7   Thumb Code    14  __printf_wp.o(i._is_digit)
    _get_lc_ctype                            0x08002eb5   Thumb Code    44  lc_ctype_c.o(locale$$code)
    Hello                                    0x08002ee0   Data          36  cmd.o(.constdata)
    Burn                                     0x08002f04   Data          36  cmd.o(.constdata)
    Startos                                  0x08002f28   Data          36  cmd.o(.constdata)
    Region$$Table$$Base                      0x08002fb4   Number         0  anon$$obj.o(Region$$Table)
    Region$$Table$$Limit                     0x08002fd4   Number         0  anon$$obj.o(Region$$Table)
    __ctype                                  0x08002fe1   Data           0  lc_ctype_c.o(locale$$data)
    TimeMS                                   0x20000000   Data           4  irq.o(.data)
    TaskTimeSlice                            0x20000004   Data           4  irq.o(.data)
    MsgGotten                                0x20000008   Data           1  irq.o(.data)
    poly8_lookup                             0x20000010   Data        1024  crc32.o(.data)
    u_kernel_size                            0x20000410   Data           4  main.o(.data)
    u_addr                                   0x20000414   Data           4  main.o(.data)
    u_crc                                    0x20000418   Data           4  main.o(.data)
    kernel_start_address                     0x2000041c   Data           4  main.o(.data)
    Addr                                     0x20000420   Data           4  main.o(.data)
    ReadDMAFlag                              0x20000424   Data           1  main.o(.data)
    StartOSFlag                              0x20000425   Data           1  main.o(.data)
    EndBurningFlag                           0x20000426   Data           1  main.o(.data)
    OSTCBCur                                 0x20000428   Data           4  sched.o(.data)
    OSTCBNext                                0x2000042c   Data           4  sched.o(.data)
    OSTaskNext                               0x20000430   Data           1  sched.o(.data)
    TaskDaemonNext                           0x20000431   Data           1  sched.o(.data)
    TaskTickLeft                             0x20000434   Data           4  sched.o(.data)
    __stdout                                 0x20000438   Data           4  printf_to_serial.o(.data)
    RecvBuffer                               0x20000450   Data         512  irq.o(.bss)
    SendBuffer                               0x20000650   Data         512  irq.o(.bss)
    cmd_buf                                  0x20000850   Data          64  cmd.o(.bss)
    tmp_buf                                  0x20000890   Data         512  main.o(.bss)
    kernel_name                              0x20000a90   Data          64  main.o(.bss)
    addr                                     0x20000ad0   Data          32  main.o(.bss)
    kernel_size                              0x20000af0   Data          32  main.o(.bss)
    crc                                      0x20000b10   Data          32  main.o(.bss)
    TaskLedStk                               0x20000b30   Data        1024  main.o(.bss)
    TaskBHStk                                0x20000f30   Data        1024  main.o(.bss)
    OSTCBTbl                                 0x20001330   Data         128  sched.o(.bss)
    TASK_IDLE_STK                            0x200013b0   Data        1024  sched.o(.bss)
    __libspace_start                         0x200017b0   Data          96  libspace.o(.bss)
    __temporary_stack_top$libspace           0x20001810   Data           0  libspace.o(.bss)
    SRAM_Kernel_Buffer                       0x20008000   Data       16384  hardware.o(.ARM.__AT_0x20008000)



==============================================================================

Memory Map of the image

  Image Entry point : 0x08000131

  Load Region LR_IROM1 (Base: 0x08000000, Size: 0x00003534, Max: 0x00040000, ABSOLUTE, COMPRESSED[0x0000350c])

    Execution Region ER_IROM1 (Base: 0x08000000, Size: 0x000030e4, Max: 0x00040000, ABSOLUTE)

    Base Addr    Size         Type   Attr      Idx    E Section Name        Object

    0x08000000   0x00000130   Data   RO          163    RESET               startup_stm32f10x_hd.o
    0x08000130   0x00000008   Code   RO          593  * !!!main             c_w.l(__main.o)
    0x08000138   0x00000034   Code   RO          789    !!!scatter          c_w.l(__scatter.o)
    0x0800016c   0x00000064   Code   RO          787    !!dclz77c           c_w.l(__dclz77c.o)
    0x080001d0   0x0000001c   Code   RO          791    !!handler_zi        c_w.l(__scatter_zi.o)
    0x080001ec   0x00000000   Code   RO          570    .ARM.Collect$$_printf_percent$$00000000  c_w.l(_printf_percent.o)
    0x080001ec   0x00000006   Code   RO          569    .ARM.Collect$$_printf_percent$$00000009  c_w.l(_printf_d.o)
    0x080001f2   0x00000006   Code   RO          568    .ARM.Collect$$_printf_percent$$0000000C  c_w.l(_printf_x.o)
    0x080001f8   0x00000006   Code   RO          567    .ARM.Collect$$_printf_percent$$00000014  c_w.l(_printf_s.o)
    0x080001fe   0x00000004   Code   RO          615    .ARM.Collect$$_printf_percent$$00000017  c_w.l(_printf_percent_end.o)
    0x08000202   0x00000002   Code   RO          667    .ARM.Collect$$libinit$$00000000  c_w.l(libinit.o)
    0x08000204   0x00000000   Code   RO          669    .ARM.Collect$$libinit$$00000002  c_w.l(libinit2.o)
    0x08000204   0x00000000   Code   RO          672    .ARM.Collect$$libinit$$00000008  c_w.l(libinit2.o)
    0x08000204   0x00000000   Code   RO          674    .ARM.Collect$$libinit$$0000000A  c_w.l(libinit2.o)
    0x08000204   0x00000000   Code   RO          676    .ARM.Collect$$libinit$$0000000C  c_w.l(libinit2.o)
    0x08000204   0x00000006   Code   RO          677    .ARM.Collect$$libinit$$0000000D  c_w.l(libinit2.o)
    0x0800020a   0x00000000   Code   RO          679    .ARM.Collect$$libinit$$0000000F  c_w.l(libinit2.o)
    0x0800020a   0x0000000c   Code   RO          680    .ARM.Collect$$libinit$$00000010  c_w.l(libinit2.o)
    0x08000216   0x00000000   Code   RO          681    .ARM.Collect$$libinit$$00000011  c_w.l(libinit2.o)
    0x08000216   0x00000000   Code   RO          683    .ARM.Collect$$libinit$$00000013  c_w.l(libinit2.o)
    0x08000216   0x00000000   Code   RO          685    .ARM.Collect$$libinit$$00000015  c_w.l(libinit2.o)
    0x08000216   0x00000000   Code   RO          687    .ARM.Collect$$libinit$$00000017  c_w.l(libinit2.o)
    0x08000216   0x00000000   Code   RO          689    .ARM.Collect$$libinit$$00000019  c_w.l(libinit2.o)
    0x08000216   0x00000000   Code   RO          691    .ARM.Collect$$libinit$$0000001B  c_w.l(libinit2.o)
    0x08000216   0x00000000   Code   RO          693    .ARM.Collect$$libinit$$0000001D  c_w.l(libinit2.o)
    0x08000216   0x00000000   Code   RO          695    .ARM.Collect$$libinit$$0000001F  c_w.l(libinit2.o)
    0x08000216   0x00000000   Code   RO          697    .ARM.Collect$$libinit$$00000021  c_w.l(libinit2.o)
    0x08000216   0x00000000   Code   RO          699    .ARM.Collect$$libinit$$00000023  c_w.l(libinit2.o)
    0x08000216   0x00000000   Code   RO          703    .ARM.Collect$$libinit$$0000002A  c_w.l(libinit2.o)
    0x08000216   0x00000000   Code   RO          705    .ARM.Collect$$libinit$$0000002C  c_w.l(libinit2.o)
    0x08000216   0x00000000   Code   RO          707    .ARM.Collect$$libinit$$0000002E  c_w.l(libinit2.o)
    0x08000216   0x00000000   Code   RO          709    .ARM.Collect$$libinit$$00000030  c_w.l(libinit2.o)
    0x08000216   0x00000002   Code   RO          710    .ARM.Collect$$libinit$$00000031  c_w.l(libinit2.o)
    0x08000218   0x00000002   Code   RO          738    .ARM.Collect$$libshutdown$$00000000  c_w.l(libshutdown.o)
    0x0800021a   0x00000000   Code   RO          748    .ARM.Collect$$libshutdown$$00000003  c_w.l(libshutdown2.o)
    0x0800021a   0x00000000   Code   RO          751    .ARM.Collect$$libshutdown$$00000006  c_w.l(libshutdown2.o)
    0x0800021a   0x00000000   Code   RO          754    .ARM.Collect$$libshutdown$$00000009  c_w.l(libshutdown2.o)
    0x0800021a   0x00000000   Code   RO          756    .ARM.Collect$$libshutdown$$0000000B  c_w.l(libshutdown2.o)
    0x0800021a   0x00000000   Code   RO          759    .ARM.Collect$$libshutdown$$0000000E  c_w.l(libshutdown2.o)
    0x0800021a   0x00000002   Code   RO          760    .ARM.Collect$$libshutdown$$0000000F  c_w.l(libshutdown2.o)
    0x0800021c   0x00000000   Code   RO          597    .ARM.Collect$$rtentry$$00000000  c_w.l(rtentry.o)
    0x0800021c   0x00000000   Code   RO          624    .ARM.Collect$$rtentry$$00000002  c_w.l(rtentry2.o)
    0x0800021c   0x00000006   Code   RO          636    .ARM.Collect$$rtentry$$00000004  c_w.l(rtentry4.o)
    0x08000222   0x00000000   Code   RO          626    .ARM.Collect$$rtentry$$00000009  c_w.l(rtentry2.o)
    0x08000222   0x00000004   Code   RO          627    .ARM.Collect$$rtentry$$0000000A  c_w.l(rtentry2.o)
    0x08000226   0x00000000   Code   RO          629    .ARM.Collect$$rtentry$$0000000C  c_w.l(rtentry2.o)
    0x08000226   0x00000008   Code   RO          630    .ARM.Collect$$rtentry$$0000000D  c_w.l(rtentry2.o)
    0x0800022e   0x00000002   Code   RO          711    .ARM.Collect$$rtexit$$00000000  c_w.l(rtexit.o)
    0x08000230   0x00000000   Code   RO          718    .ARM.Collect$$rtexit$$00000002  c_w.l(rtexit2.o)
    0x08000230   0x00000004   Code   RO          719    .ARM.Collect$$rtexit$$00000003  c_w.l(rtexit2.o)
    0x08000234   0x00000006   Code   RO          720    .ARM.Collect$$rtexit$$00000004  c_w.l(rtexit2.o)
    0x0800023a   0x00000002   PAD
    0x0800023c   0x00000010   Code   RO          128    .emb_text           irq.o
    0x0800024c   0x00000268   Code   RO            3    .text               hardware.o
    0x080004b4   0x00000044   Code   RO           98    .text               init.o
    0x080004f8   0x00000150   Code   RO          129    .text               irq.o
    0x08000648   0x00000074   Code   RO          158    .text               os_cpu_a.o
    0x080006bc   0x00000038   Code   RO          164    .text               startup_stm32f10x_hd.o
    0x080006f4   0x0000002a   Code   RO          168    .text               flash_read.o
    0x0800071e   0x00000002   PAD
    0x08000720   0x0000024c   Code   RO          198    .text               cmd.o
    0x0800096c   0x00000030   Code   RO          219    .text               crc32.o
    0x0800099c   0x00000660   Code   RO          239    .text               main.o
    0x08000ffc   0x000001d8   Code   RO          268    .text               sched.o
    0x080011d4   0x00000024   Code   RO          284    .text               time.o
    0x080011f8   0x000000dc   Code   RO          327    .text               misc.o
    0x080012d4   0x00000024   Code   RO          379    .text               printf_to_serial.o
    0x080012f8   0x00000254   Code   RO          406    .text               stm32f10x_dma.o
    0x0800154c   0x000005bc   Code   RO          426    .text               stm32f10x_flash.o
    0x08001b08   0x0000035c   Code   RO          446    .text               stm32f10x_gpio.o
    0x08001e64   0x000003a4   Code   RO          466    .text               stm32f10x_rcc.o
    0x08002208   0x00000408   Code   RO          488    .text               stm32f10x_usart.o
    0x08002610   0x00000002   Code   RO          508    .text               c_w.l(use_no_semi_2.o)
    0x08002612   0x00000002   PAD
    0x08002614   0x00000018   Code   RO          510    .text               c_w.l(__2printf.o)
    0x0800262c   0x0000002c   Code   RO          512    .text               c_w.l(__2sprintf.o)
    0x08002658   0x0000004e   Code   RO          520    .text               c_w.l(_printf_pad.o)
    0x080026a6   0x00000052   Code   RO          522    .text               c_w.l(_printf_str.o)
    0x080026f8   0x00000074   Code   RO          524    .text               c_w.l(_printf_dec.o)
    0x0800276c   0x00000058   Code   RO          529    .text               c_w.l(_printf_hex_int.o)
    0x080027c4   0x00000138   Code   RO          559    .text               c_w.l(__printf_flags_wp.o)
    0x080028fc   0x0000001a   Code   RO          571    .text               c_w.l(atoi.o)
    0x08002916   0x00000070   Code   RO          573    .text               c_w.l(strtol.o)
    0x08002986   0x00000004   Code   RO          575    .text               c_w.l(strtok_r.o)
    0x0800298a   0x00000024   Code   RO          577    .text               c_w.l(strstr.o)
    0x080029ae   0x00000048   Code   RO          579    .text               c_w.l(strcpy.o)
    0x080029f6   0x0000003e   Code   RO          581    .text               c_w.l(strlen.o)
    0x08002a34   0x00000044   Code   RO          583    .text               c_w.l(rt_memclr.o)
    0x08002a78   0x0000004e   Code   RO          585    .text               c_w.l(rt_memclr_w.o)
    0x08002ac6   0x00000056   Code   RO          587    .text               c_w.l(strncpy.o)
    0x08002b1c   0x00000080   Code   RO          589    .text               c_w.l(strcmpv7m.o)
    0x08002b9c   0x00000006   Code   RO          591    .text               c_w.l(heapauxi.o)
    0x08002ba2   0x00000002   Code   RO          595    .text               c_w.l(use_no_semi.o)
    0x08002ba4   0x00000010   Code   RO          598    .text               c_w.l(rt_ctype_table.o)
    0x08002bb4   0x00000008   Code   RO          603    .text               c_w.l(rt_errno_addr_intlibspace.o)
    0x08002bbc   0x000000b2   Code   RO          605    .text               c_w.l(_printf_intcommon.o)
    0x08002c6e   0x00000002   PAD
    0x08002c70   0x00000030   Code   RO          607    .text               c_w.l(_printf_char_common.o)
    0x08002ca0   0x0000000a   Code   RO          609    .text               c_w.l(_sputc.o)
    0x08002caa   0x0000002c   Code   RO          611    .text               c_w.l(_printf_char.o)
    0x08002cd6   0x00000002   PAD
    0x08002cd8   0x00000024   Code   RO          613    .text               c_w.l(_printf_char_file.o)
    0x08002cfc   0x0000009e   Code   RO          616    .text               c_w.l(_strtoul.o)
    0x08002d9a   0x00000002   PAD
    0x08002d9c   0x00000044   Code   RO          618    .text               c_w.l(strtok_int.o)
    0x08002de0   0x00000008   Code   RO          620    .text               c_w.l(libspace.o)
    0x08002de8   0x00000008   Code   RO          641    .text               c_w.l(rt_locale_intlibspace.o)
    0x08002df0   0x0000001c   Code   RO          645    .text               c_w.l(_chval.o)
    0x08002e0c   0x00000008   Code   RO          647    .text               c_w.l(ferror.o)
    0x08002e14   0x00000020   Code   RO          654    .text               c_w.l(strcspn.o)
    0x08002e34   0x0000001c   Code   RO          656    .text               c_w.l(strspn.o)
    0x08002e50   0x0000004a   Code   RO          658    .text               c_w.l(sys_stackheap_outer.o)
    0x08002e9a   0x0000000c   Code   RO          660    .text               c_w.l(exit.o)
    0x08002ea6   0x0000000e   Code   RO          557    i._is_digit         c_w.l(__printf_wp.o)
    0x08002eb4   0x0000002c   Code   RO          652    locale$$code        c_w.l(lc_ctype_c.o)
    0x08002ee0   0x0000006c   Data   RO          200    .constdata          cmd.o
    0x08002f4c   0x00000028   Data   RO          530    .constdata          c_w.l(_printf_hex_int.o)
    0x08002f74   0x00000011   Data   RO          560    .constdata          c_w.l(__printf_flags_wp.o)
    0x08002f85   0x00000003   PAD
    0x08002f88   0x0000002c   Data   RO          201    .conststring        cmd.o
    0x08002fb4   0x00000020   Data   RO          785    Region$$Table       anon$$obj.o
    0x08002fd4   0x00000110   Data   RO          651    locale$$data        c_w.l(lc_ctype_c.o)


    Execution Region RW_IRAM1 (Base: 0x20000000, Size: 0x0000c000, Max: 0x0000c000, ABSOLUTE, COMPRESSED[0x00000428])

    Base Addr    Size         Type   Attr      Idx    E Section Name        Object

    0x20000000   0x00000010   Data   RW          131    .data               irq.o
    0x20000010   0x00000400   Data   RW          220    .data               crc32.o
    0x20000410   0x00000017   Data   RW          241    .data               main.o
    0x20000427   0x00000001   PAD
    0x20000428   0x00000010   Data   RW          270    .data               sched.o
    0x20000438   0x00000004   Data   RW          380    .data               printf_to_serial.o
    0x2000043c   0x00000014   Data   RW          467    .data               stm32f10x_rcc.o
    0x20000450   0x00000400   Zero   RW          130    .bss                irq.o
    0x20000850   0x00000040   Zero   RW          199    .bss                cmd.o
    0x20000890   0x00000aa0   Zero   RW          240    .bss                main.o
    0x20001330   0x00000480   Zero   RW          269    .bss                sched.o
    0x200017b0   0x00000060   Zero   RW          621    .bss                c_w.l(libspace.o)
    0x20001810   0x00000200   Zero   RW          162    HEAP                startup_stm32f10x_hd.o
    0x20001a10   0x00000400   Zero   RW          161    STACK               startup_stm32f10x_hd.o
    0x20001e10   0x000061f0   PAD
    0x20008000   0x00004000   Zero   RW            4    .ARM.__AT_0x20008000  hardware.o


==============================================================================

Image component sizes


      Code (inc. data)   RO Data    RW Data    ZI Data      Debug   Object Name

       588         34        152          0         64       3026   cmd.o
        48          6          0       1024          0       1048   crc32.o
        42          0          0          0          0        931   flash_read.o
       616         34          0          0      16384     265046   hardware.o
        68          6          0          0          0       1061   init.o
       352         46          0         16       1024       2801   irq.o
      1632        636          0         23       2720       3709   main.o
       220         22          0          0          0     242357   misc.o
       116         16          0          0          0        268   os_cpu_a.o
        36          4          0          4          0       2468   printf_to_serial.o
       472         26          0         16       1152       3273   sched.o
        56         22        304          0       1536        776   startup_stm32f10x_hd.o
       596          8          0          0          0       4222   stm32f10x_dma.o
      1468         34          0          0          0       7922   stm32f10x_flash.o
       860         38          0          0          0       5533   stm32f10x_gpio.o
       932         36          0         20          0       8660   stm32f10x_rcc.o
      1032         22          0          0          0       8264   stm32f10x_usart.o
        36          0          0          0          0        846   time.o

    ----------------------------------------------------------------------
      9172        990        488       1104      47952     562211   Object Totals
         0          0         32          0          0          0   (incl. Generated)
         2          0          0          1      25072          0   (incl. Padding)

    ----------------------------------------------------------------------

      Code (inc. data)   RO Data    RW Data    ZI Data      Debug   Library Member Name

        24          4          0          0          0         84   __2printf.o
        44          6          0          0          0         84   __2sprintf.o
       100          0          0          0          0          0   __dclz77c.o
         8          0          0          0          0         68   __main.o
       312          4         17          0          0         92   __printf_flags_wp.o
        14          0          0          0          0         68   __printf_wp.o
        52          8          0          0          0          0   __scatter.o
        28          0          0          0          0          0   __scatter_zi.o
        28          0          0          0          0         68   _chval.o
        44          0          0          0          0        108   _printf_char.o
        48          6          0          0          0         96   _printf_char_common.o
        36          4          0          0          0         80   _printf_char_file.o
         6          0          0          0          0          0   _printf_d.o
       116         16          0          0          0         92   _printf_dec.o
        88          4         40          0          0         88   _printf_hex_int.o
       178          0          0          0          0         88   _printf_intcommon.o
        78          0          0          0          0        108   _printf_pad.o
         0          0          0          0          0          0   _printf_percent.o
         4          0          0          0          0          0   _printf_percent_end.o
         6          0          0          0          0          0   _printf_s.o
        82          0          0          0          0         80   _printf_str.o
         6          0          0          0          0          0   _printf_x.o
        10          0          0          0          0         68   _sputc.o
       158          0          0          0          0         92   _strtoul.o
        26          0          0          0          0         80   atoi.o
        12          0          0          0          0         72   exit.o
         8          0          0          0          0         68   ferror.o
         6          0          0          0          0        152   heapauxi.o
        44         10        272          0          0         76   lc_ctype_c.o
         2          0          0          0          0          0   libinit.o
        20          0          0          0          0          0   libinit2.o
         2          0          0          0          0          0   libshutdown.o
         2          0          0          0          0          0   libshutdown2.o
         8          4          0          0         96         68   libspace.o
        16          4          0          0          0         76   rt_ctype_table.o
         8          4          0          0          0         68   rt_errno_addr_intlibspace.o
         8          4          0          0          0         68   rt_locale_intlibspace.o
        68          0          0          0          0         68   rt_memclr.o
        78          0          0          0          0         80   rt_memclr_w.o
         0          0          0          0          0          0   rtentry.o
        12          0          0          0          0          0   rtentry2.o
         6          0          0          0          0          0   rtentry4.o
         2          0          0          0          0          0   rtexit.o
        10          0          0          0          0          0   rtexit2.o
       128          0          0          0          0         68   strcmpv7m.o
        72          0          0          0          0         80   strcpy.o
        32          0          0          0          0         80   strcspn.o
        62          0          0          0          0         76   strlen.o
        86          0          0          0          0         76   strncpy.o
        28          0          0          0          0         80   strspn.o
        36          0          0          0          0         80   strstr.o
        68          4          0          0          0         84   strtok_int.o
         4          0          0          0          0         68   strtok_r.o
       112          0          0          0          0         88   strtol.o
        74          0          0          0          0         80   sys_stackheap_outer.o
         2          0          0          0          0         68   use_no_semi.o
         2          0          0          0          0         68   use_no_semi_2.o

    ----------------------------------------------------------------------
      2524         82        332          0         96       3236   Library Totals
        10          0          3          0          0          0   (incl. Padding)

    ----------------------------------------------------------------------

      Code (inc. data)   RO Data    RW Data    ZI Data      Debug   Library Name

      2514         82        329          0         96       3236   c_w.l

    ----------------------------------------------------------------------
      2524         82        332          0         96       3236   Library Totals

    ----------------------------------------------------------------------

==============================================================================


      Code (inc. data)   RO Data    RW Data    ZI Data      Debug   

     11696       1072        820       1104      48048     562011   Grand Totals
     11696       1072        820       1064      48048     562011   ELF Image Totals (compressed)
     11696       1072        820       1064          0          0   ROM Totals

==============================================================================

    Total RO  Size (Code + RO Data)                12516 (  12.22kB)
    Total RW  Size (RW Data + ZI Data)             49152 (  48.00kB)
    Total ROM Size (Code + RO Data + RW Data)      13580 (  13.26kB)

==============================================================================

