<html>
<body>
<pre>
<h1>µVision Build Log</h1>
<h2>Project:</h2>
D:\WAN-Boot\projects\keil\WAN-Boot.uvproj
Project File Date:  05/30/2016

<h2>Output:</h2>
Build target 'Target 1'
compiling flash_read.c...
..\..\src\arch\flash_read.c(8): warning:  #68-D: integer conversion resulted in a change of sign
                return -1;
..\..\src\arch\flash_read.c: 1 warning, 0 errors
linking...
Program Size: Code=11696 RO-data=820 RW-data=1104 ZI-data=48048  
FromELF: creating hex file...
".\WAN-Boot.axf" - 0 Error(s), 1 Warning(s).
</pre>
</body>
</html>
             if(strcmp(cmd_buf, Hello.Name) == 0) {
..\..\src\wan_boot\main.c(180): warning:  #167-D: argument of type "char *" is incompatible with parameter of type "uint8_t *"
                                                        RespOK(SendBuffer, cmd_buf, tmp_buf);
..\..\src\wan_boot\main.c(184): warning:  #167-D: argument of type "uint8_t *" is incompatible with parameter of type "const char *"
                                        } else if(strcmp(cmd_buf, Burn.Name) == 0) {
..\..\src\wan_boot\main.c(213): warning:  #167-D: argument of type "char *" is incompatible with parameter of type "uint8_t *"
                                                        RespOK(SendBuffer, cmd_buf, tmp_buf);
..\..\src\wan_boot\main.c(217): warning:  #167-D: argument of type "uint8_t *" is incompatible with parameter of type "const char *"
                                        } else if(strcmp(cmd_buf, Startos.Name) == 0) {
..\..\src\wan_boot\main.c(236): warning:  #167-D: argument of type "char *" is incompatible with parameter of type "uint8_t *"
                                                        RespOK(SendBuffer, cmd_buf, tmp_buf);
..\..\src\wan_boot\main.c(243): warning:  #186-D: pointless comparison of unsigned integer with zero
                                        if((msg_size = SealPacket(SendBuffer)) < 0) {
..\..\src\wan_boot\main.c(149): warning:  #550-D: variable "msg_size" was set but never used
        uint16_t msg_size;
..\..\src\wan_boot\main.c: 8 warnings, 0 errors
linking...
Program Size: Code=11696 RO-data=820 RW-data=1104 ZI-data=48048  
FromELF: creating hex file...
".\WAN-Boot.axf" - 0 Error(s), 9 Warning(s).
an_boot\main.c: 8 warnings, 1 error
".\WAN-Boot.axf" - 1 Error(s), 9 Warning(s).
Target not created
