<html>
<body>
<pre>
<h1>µVision Build Log</h1>
<h2>Project:</h2>
D:\WAN-Boot\projects\keil\WAN-Boot.uvproj
Project File Date:  05/27/2016

<h2>Output:</h2>
Build target 'Target 1'
compiling hardware.c...
compiling Init.c...
compiling irq.c...
compiling checksum.c...
compiling cmd.c...
..\..\src\wan_boot\cmd.c(69): warning:  #167-D: argument of type "uint8_t *" is incompatible with parameter of type "char *restrict"
        strcpy(buf, cmd);
..\..\src\wan_boot\cmd.c(69): warning:  #167-D: argument of type "uint8_t *" is incompatible with parameter of type "const char *restrict"
        strcpy(buf, cmd);
..\..\src\wan_boot\cmd.c(71): warning:  #167-D: argument of type "uint8_t *" is incompatible with parameter of type "const char *"
                strcpy(buf + strlen(cmd), append_msg);
..\..\src\wan_boot\cmd.c(71): warning:  #167-D: argument of type "uint8_t *" is incompatible with parameter of type "char *restrict"
                strcpy(buf + strlen(cmd), append_msg);
..\..\src\wan_boot\cmd.c(71): warning:  #167-D: argument of type "uint8_t *" is incompatible with parameter of type "const char *restrict"
                strcpy(buf + strlen(cmd), append_msg);
..\..\src\wan_boot\cmd.c(244): warning:  #167-D: argument of type "uint8_t *" is incompatible with parameter of type "const char *"
        msg_size = strlen(msg);
..\..\src\wan_boot\cmd.c: 6 warnings, 0 errors
compiling crc32.c...
compiling main.c...
..\..\src\wan_boot\main.c(157): warning:  #167-D: argument of type "uint8_t *" is incompatible with parameter of type "const char *"
                                        if(strcmp(cmd_buf, Hello.Name) == 0) {
..\..\src\wan_boot\main.c(165): warning:  #167-D: argument of type "char *" is incompatible with parameter of type "uint8_t *"
                                                        RespOK(SendBuffer, cmd_buf, tmp_buf);
..\..\src\wan_boot\main.c(169): warning:  #167-D: argument of type "uint8_t *" is incompatible with parameter of type "const char *"
                                        } else if(strcmp(cmd_buf, Burn.Name) == 0) {
..\..\src\wan_boot\main.c(201): warning:  #167-D: argument of type "char *" is incompatible with parameter of type "uint8_t *"
                                                        RespOK(SendBuffer, cmd_buf, tmp_buf);
..\..\src\wan_boot\main.c(205): warning:  #167-D: argument of type "uint8_t *" is incompatible with parameter of type "const char *"
                                        } else if(strcmp(cmd_buf, Startos.Name) == 0) {
..\..\src\wan_boot\main.c(213): warning:  #167-D: argument of type "char *" is incompatible with parameter of type "uint8_t *"
                                                        RespOK(SendBuffer, cmd_buf, tmp_buf);
..\..\src\wan_boot\main.c(220): warning:  #186-D: pointless comparison of unsigned integer with zero
                                        if((msg_size = SealPacket(SendBuffer)) < 0) {
..\..\src\wan_boot\main.c(134): warning:  #550-D: variable "msg_size" was set but never used
        uint16_t msg_size;
..\..\src\wan_boot\main.c: 8 warnings, 0 errors
compiling sched.c...
compiling time.c...
compiling wanp.c...
..\..\src\wan_boot\wanp.c(111): warning:  #1293-D: assignment in condition
        while((*cmd = *req_msg)) {
..\..\src\wan_boot\wanp.c: 1 warning, 0 errors
compiling misc.c...
compiling printf_to_serial.c...
..\..\src\lib\printf_to_serial.c(20): warning:  #940-D: missing return statement at end of non-void function "_sys_exit"
  } 
..\..\src\lib\printf_to_serial.c: 1 warning, 0 errors
compiling stm32f10x_dma.c...
compiling stm32f10x_flash.c...
compiling stm32f10x_gpio.c...
compiling stm32f10x_rcc.c...
compiling stm32f10x_usart.c...
linking...
Program Size: Code=11308 RO-data=820 RW-data=1104 ZI-data=48048  
FromELF: creating hex file...
".\WAN-Boot.axf" - 0 Error(s), 16 Warning(s).
